Component: ARM Compiler 6.14 Tool: armlink [5db06800]

==============================================================================

Memory Map of the image

  Image Entry point : 0x00004301

  Load Region LR_IROM1 (Base: 0x00004000, Size: 0x00023480, Max: 0x0007c000, ABSOLUTE)

    Execution Region ER_IROM0 (Base: 0x00004000, Size: 0x000000c4, Max: 0x000002fc, ABSOLUTE)

    Base Addr    Size         Type   Attr      Idx    E Section Name        Object

    0x00004000   0x000000c4   Data   RO         3481    RESET               BUILD/LPC1768/ARMC6/mbed-os/targets/TARGET_NXP/TARGET_LPC176X/device/TOOLCHAIN_ARM_STD/startup_LPC17xx.o


    Execution Region ER_CRP (Base: 0x000042fc, Size: 0x00000004, Max: 0x00000004, ABSOLUTE, FIXED)

    Base Addr    Size         Type   Attr      Idx    E Section Name        Object

    0x000042fc   0x00000004   Data   RO         3480    .CRPSection         BUILD/LPC1768/ARMC6/mbed-os/targets/TARGET_NXP/TARGET_LPC176X/device/CRP.o


    Execution Region ER_IROM1 (Base: 0x00004300, Size: 0x000230ec, Max: 0x0007bd00, ABSOLUTE, FIXED)

    Base Addr    Size         Type   Attr      Idx    E Section Name        Object

    0x00004300   0x00000008   Code   RO         4296  * !!!main             c:\ProgramData\Mbed Studio\mbed-studio-tools\ac6\bin\..\lib\armlib\c_w.l(__main.o)
    0x00004308   0x00000034   Code   RO         8963    !!!scatter          c:\ProgramData\Mbed Studio\mbed-studio-tools\ac6\bin\..\lib\armlib\c_w.l(__scatter.o)
    0x0000433c   0x0000001a   Code   RO         8965    !!handler_copy      c:\ProgramData\Mbed Studio\mbed-studio-tools\ac6\bin\..\lib\armlib\c_w.l(__scatter_copy.o)
    0x00004356   0x00000002   PAD
    0x00004358   0x0000001c   Code   RO         8967    !!handler_zi        c:\ProgramData\Mbed Studio\mbed-studio-tools\ac6\bin\..\lib\armlib\c_w.l(__scatter_zi.o)
    0x00004374   0x00000002   Code   RO         4295    .ARM.Collect$$libinit$$00000000  c:\ProgramData\Mbed Studio\mbed-studio-tools\ac6\bin\..\lib\armlib\c_w.l(libinit.o)
    0x00004376   0x00000000   Code   RO         7839    .ARM.Collect$$libinit$$00000002  c:\ProgramData\Mbed Studio\mbed-studio-tools\ac6\bin\..\lib\armlib\c_w.l(libinit2.o)
    0x00004376   0x00000000   Code   RO         7841    .ARM.Collect$$libinit$$00000004  c:\ProgramData\Mbed Studio\mbed-studio-tools\ac6\bin\..\lib\armlib\c_w.l(libinit2.o)
    0x00004376   0x00000008   Code   RO         7842    .ARM.Collect$$libinit$$00000005  c:\ProgramData\Mbed Studio\mbed-studio-tools\ac6\bin\..\lib\armlib\c_w.l(libinit2.o)
    0x0000437e   0x00000000   Code   RO         7844    .ARM.Collect$$libinit$$0000000A  c:\ProgramData\Mbed Studio\mbed-studio-tools\ac6\bin\..\lib\armlib\c_w.l(libinit2.o)
    0x0000437e   0x00000000   Code   RO         7846    .ARM.Collect$$libinit$$0000000C  c:\ProgramData\Mbed Studio\mbed-studio-tools\ac6\bin\..\lib\armlib\c_w.l(libinit2.o)
    0x0000437e   0x00000000   Code   RO         7848    .ARM.Collect$$libinit$$0000000E  c:\ProgramData\Mbed Studio\mbed-studio-tools\ac6\bin\..\lib\armlib\c_w.l(libinit2.o)
    0x0000437e   0x00000006   Code   RO         7849    .ARM.Collect$$libinit$$0000000F  c:\ProgramData\Mbed Studio\mbed-studio-tools\ac6\bin\..\lib\armlib\c_w.l(libinit2.o)
    0x00004384   0x00000000   Code   RO         7851    .ARM.Collect$$libinit$$00000011  c:\ProgramData\Mbed Studio\mbed-studio-tools\ac6\bin\..\lib\armlib\c_w.l(libinit2.o)
    0x00004384   0x0000000c   Code   RO         7852    .ARM.Collect$$libinit$$00000012  c:\ProgramData\Mbed Studio\mbed-studio-tools\ac6\bin\..\lib\armlib\c_w.l(libinit2.o)
    0x00004390   0x00000000   Code   RO         7853    .ARM.Collect$$libinit$$00000013  c:\ProgramData\Mbed Studio\mbed-studio-tools\ac6\bin\..\lib\armlib\c_w.l(libinit2.o)
    0x00004390   0x00000000   Code   RO         7855    .ARM.Collect$$libinit$$00000015  c:\ProgramData\Mbed Studio\mbed-studio-tools\ac6\bin\..\lib\armlib\c_w.l(libinit2.o)
    0x00004390   0x0000000a   Code   RO         7856    .ARM.Collect$$libinit$$00000016  c:\ProgramData\Mbed Studio\mbed-studio-tools\ac6\bin\..\lib\armlib\c_w.l(libinit2.o)
    0x0000439a   0x00000000   Code   RO         7857    .ARM.Collect$$libinit$$00000017  c:\ProgramData\Mbed Studio\mbed-studio-tools\ac6\bin\..\lib\armlib\c_w.l(libinit2.o)
    0x0000439a   0x0000000a   Code   RO         7858    .ARM.Collect$$libinit$$00000018  c:\ProgramData\Mbed Studio\mbed-studio-tools\ac6\bin\..\lib\armlib\c_w.l(libinit2.o)
    0x000043a4   0x00000000   Code   RO         7859    .ARM.Collect$$libinit$$00000019  c:\ProgramData\Mbed Studio\mbed-studio-tools\ac6\bin\..\lib\armlib\c_w.l(libinit2.o)
    0x000043a4   0x00000000   Code   RO         7861    .ARM.Collect$$libinit$$0000001B  c:\ProgramData\Mbed Studio\mbed-studio-tools\ac6\bin\..\lib\armlib\c_w.l(libinit2.o)
    0x000043a4   0x00000000   Code   RO         7863    .ARM.Collect$$libinit$$0000001D  c:\ProgramData\Mbed Studio\mbed-studio-tools\ac6\bin\..\lib\armlib\c_w.l(libinit2.o)
[...]
    0x00022dae   0x00000002   PAD
    0x00022db0   0x00000058   Code   RO         8908    i.frexp             c:\ProgramData\Mbed Studio\mbed-studio-tools\ac6\bin\..\lib\armlib\m_ws.l(frexp.o)
    0x00022e08   0x00000074   Code   RO         8929    i.ldexp             c:\ProgramData\Mbed Studio\mbed-studio-tools\ac6\bin\..\lib\armlib\m_ws.l(ldexp.o)
    0x00022e7c   0x00000190   Code   RO         7626    i.logf              c:\ProgramData\Mbed Studio\mbed-studio-tools\ac6\bin\..\lib\armlib\m_ws.l(logf.o)
    0x0002300c   0x0000001e   Code   RO         8471    i.strtod            c:\ProgramData\Mbed Studio\mbed-studio-tools\ac6\bin\..\lib\armlib\m_ws.l(strtod.o)
    0x0002302a   0x00000014   Code   RO         8475    i.strtof            c:\ProgramData\Mbed Studio\mbed-studio-tools\ac6\bin\..\lib\armlib\m_ws.l(strtof.o)
    0x0002303e   0x0000001e   Code   RO         8487    i.strtold           c:\ProgramData\Mbed Studio\mbed-studio-tools\ac6\bin\..\lib\armlib\m_ws.l(strtold.o)
    0x0002305c   0x0000002c   Code   RO         8616    locale$$code        c:\ProgramData\Mbed Studio\mbed-studio-tools\ac6\bin\..\lib\armlib\c_w.l(lc_ctype_c.o)
    0x00023088   0x0000002c   Code   RO         8622    locale$$code        c:\ProgramData\Mbed Studio\mbed-studio-tools\ac6\bin\..\lib\armlib\c_w.l(lc_time_c.o)
    0x000230b4   0x0000002c   Code   RO         8838    locale$$code        c:\ProgramData\Mbed Studio\mbed-studio-tools\ac6\bin\..\lib\armlib\c_w.l(lc_numeric_c.o)
    0x000230e0   0x00000062   Code   RO         4304    x$fpl$d2f           c:\ProgramData\Mbed Studio\mbed-studio-tools\ac6\bin\..\lib\armlib\fz_ws.l(d2f.o)
    0x00023142   0x00000002   PAD
    0x00023144   0x00000010   Code   RO         8939    x$fpl$dcheck1       c:\ProgramData\Mbed Studio\mbed-studio-tools\ac6\bin\..\lib\armlib\fz_ws.l(dcheck1.o)
    0x00023154   0x00000018   Code   RO         8921    x$fpl$dcmpinf       c:\ProgramData\Mbed Studio\mbed-studio-tools\ac6\bin\..\lib\armlib\fz_ws.l(dcmpi.o)
    0x0002316c   0x000002b0   Code   RO         4307    x$fpl$ddiv          c:\ProgramData\Mbed Studio\mbed-studio-tools\ac6\bin\..\lib\armlib\fz_ws.l(ddiv.o)
    0x0002341c   0x00000078   Code   RO         8901    x$fpl$deqf          c:\ProgramData\Mbed Studio\mbed-studio-tools\ac6\bin\..\lib\armlib\fz_ws.l(deqf.o)
    0x00023494   0x0000002e   Code   RO         4311    x$fpl$dflt          c:\ProgramData\Mbed Studio\mbed-studio-tools\ac6\bin\..\lib\armlib\fz_ws.l(dflt_clz.o)
    0x000234c2   0x00000002   PAD
    0x000234c4   0x00000078   Code   RO         8923    x$fpl$dleqf         c:\ProgramData\Mbed Studio\mbed-studio-tools\ac6\bin\..\lib\armlib\fz_ws.l(dleqf.o)
    0x0002353c   0x00000154   Code   RO         4316    x$fpl$dmul          c:\ProgramData\Mbed Studio\mbed-studio-tools\ac6\bin\..\lib\armlib\fz_ws.l(dmul.o)
    0x00023690   0x0000009c   Code   RO         7895    x$fpl$dnaninf       c:\ProgramData\Mbed Studio\mbed-studio-tools\ac6\bin\..\lib\armlib\fz_ws.l(dnaninf.o)
    0x0002372c   0x0000000c   Code   RO         7897    x$fpl$dretinf       c:\ProgramData\Mbed Studio\mbed-studio-tools\ac6\bin\..\lib\armlib\fz_ws.l(dretinf.o)
    0x00023738   0x0000006c   Code   RO         8903    x$fpl$drleqf        c:\ProgramData\Mbed Studio\mbed-studio-tools\ac6\bin\..\lib\armlib\fz_ws.l(drleqf.o)
    0x000237a4   0x00000056   Code   RO         7899    x$fpl$f2d           c:\ProgramData\Mbed Studio\mbed-studio-tools\ac6\bin\..\lib\armlib\fz_ws.l(f2d.o)
    0x000237fa   0x00000002   PAD
    0x000237fc   0x000000c4   Code   RO         4318    x$fpl$fadd          c:\ProgramData\Mbed Studio\mbed-studio-tools\ac6\bin\..\lib\armlib\fz_ws.l(faddsub_clz.o)
    0x000238c0   0x0000000c   Code   RO         8666    x$fpl$fcheck1       c:\ProgramData\Mbed Studio\mbed-studio-tools\ac6\bin\..\lib\armlib\fz_ws.l(fcheck1.o)
    0x000238cc   0x00000054   Code   RO         4324    x$fpl$fcmp          c:\ProgramData\Mbed Studio\mbed-studio-tools\ac6\bin\..\lib\armlib\fz_ws.l(fcmp.o)
    0x00023920   0x00000018   Code   RO         8668    x$fpl$fcmpinf       c:\ProgramData\Mbed Studio\mbed-studio-tools\ac6\bin\..\lib\armlib\fz_ws.l(fcmpi.o)
    0x00023938   0x00000184   Code   RO         4327    x$fpl$fdiv          c:\ProgramData\Mbed Studio\mbed-studio-tools\ac6\bin\..\lib\armlib\fz_ws.l(fdiv.o)
    0x00023abc   0x00000068   Code   RO         7901    x$fpl$feqf          c:\ProgramData\Mbed Studio\mbed-studio-tools\ac6\bin\..\lib\armlib\fz_ws.l(feqf.o)
    0x00023b24   0x00000036   Code   RO         4330    x$fpl$ffix          c:\ProgramData\Mbed Studio\mbed-studio-tools\ac6\bin\..\lib\armlib\fz_ws.l(ffix.o)
    0x00023b5a   0x00000002   PAD
    0x00023b5c   0x0000003e   Code   RO         4334    x$fpl$ffixu         c:\ProgramData\Mbed Studio\mbed-studio-tools\ac6\bin\..\lib\armlib\fz_ws.l(ffixu.o)
    0x00023b9a   0x00000002   PAD
    0x00023b9c   0x00000030   Code   RO         4339    x$fpl$fflt          c:\ProgramData\Mbed Studio\mbed-studio-tools\ac6\bin\..\lib\armlib\fz_ws.l(fflt_clz.o)
    0x00023bcc   0x00000026   Code   RO         4338    x$fpl$ffltu         c:\ProgramData\Mbed Studio\mbed-studio-tools\ac6\bin\..\lib\armlib\fz_ws.l(fflt_clz.o)
    0x00023bf2   0x00000002   PAD
    0x00023bf4   0x00000068   Code   RO         7903    x$fpl$fgeqf         c:\ProgramData\Mbed Studio\mbed-studio-tools\ac6\bin\..\lib\armlib\fz_ws.l(fgeqf.o)
    0x00023c5c   0x00000068   Code   RO         7905    x$fpl$fleqf         c:\ProgramData\Mbed Studio\mbed-studio-tools\ac6\bin\..\lib\armlib\fz_ws.l(fleqf.o)
    0x00023cc4   0x00000102   Code   RO         4346    x$fpl$fmul          c:\ProgramData\Mbed Studio\mbed-studio-tools\ac6\bin\..\lib\armlib\fz_ws.l(fmul.o)
    0x00023dc6   0x0000008c   Code   RO         7907    x$fpl$fnaninf       c:\ProgramData\Mbed Studio\mbed-studio-tools\ac6\bin\..\lib\armlib\fz_ws.l(fnaninf.o)
    0x00023e52   0x0000000a   Code   RO         7909    x$fpl$fretinf       c:\ProgramData\Mbed Studio\mbed-studio-tools\ac6\bin\..\lib\armlib\fz_ws.l(fretinf.o)
    0x00023e5c   0x000000ea   Code   RO         4320    x$fpl$fsub          c:\ProgramData\Mbed Studio\mbed-studio-tools\ac6\bin\..\lib\armlib\fz_ws.l(faddsub_clz.o)
    0x00023f46   0x00000006   Code   RO         8863    x$fpl$ieeestatus    c:\ProgramData\Mbed Studio\mbed-studio-tools\ac6\bin\..\lib\armlib\fz_ws.l(istatus.o)
    0x00023f4c   0x00000064   Code   RO         8865    x$fpl$retnan        c:\ProgramData\Mbed Studio\mbed-studio-tools\ac6\bin\..\lib\armlib\fz_ws.l(retnan.o)
    0x00023fb0   0x0000005c   Code   RO         8925    x$fpl$scalbn        c:\ProgramData\Mbed Studio\mbed-studio-tools\ac6\bin\..\lib\armlib\fz_ws.l(scalbn.o)
    0x0002400c   0x0000004c   Code   RO         7911    x$fpl$scalbnf       c:\ProgramData\Mbed Studio\mbed-studio-tools\ac6\bin\..\lib\armlib\fz_ws.l(scalbnf.o)
    0x00024058   0x00000004   Code   RO         7913    x$fpl$scanf1        c:\ProgramData\Mbed Studio\mbed-studio-tools\ac6\bin\..\lib\armlib\fz_ws.l(scanf1.o)
    0x0002405c   0x00000008   Code   RO         8867    x$fpl$scanf2        c:\ProgramData\Mbed Studio\mbed-studio-tools\ac6\bin\..\lib\armlib\fz_ws.l(scanf2.o)
    0x00024064   0x00000030   Code   RO         8905    x$fpl$trapveneer    c:\ProgramData\Mbed Studio\mbed-studio-tools\ac6\bin\..\lib\armlib\fz_ws.l(trapv.o)
    0x00024094   0x00000000   Code   RO         7915    x$fpl$usenofp       c:\ProgramData\Mbed Studio\mbed-studio-tools\ac6\bin\..\lib\armlib\fz_ws.l(usenofp.o)
    0x00024094   0x00000040   Data   RO         7627    .constdata          c:\ProgramData\Mbed Studio\mbed-studio-tools\ac6\bin\..\lib\armlib\m_ws.l(logf.o)
    0x000240d4   0x0000000c   Data   RO         8644    .constdata          c:\ProgramData\Mbed Studio\mbed-studio-tools\ac6\bin\..\lib\armlib\c_w.l(_monlen.o)
    0x000240e0   0x00000094   Data   RO         8809    .constdata          c:\ProgramData\Mbed Studio\mbed-studio-tools\ac6\bin\..\lib\armlib\c_w.l(bigflt0.o)
    0x00024174   0x00000000   Data   RO         3050    .rodata             BUILD/LPC1768/ARMC6/mbed-os/platform/source/mbed_sdk_boot.o
    0x00024174   0x00000014   Data   RO           70    .rodata..L__const.Pin.gpios  BUILD/LPC1768/ARMC6/drivers/pin/pin.o
    0x00024188   0x00000060   Data   RO           28    .rodata..L__const._ZN3AjK6MODDMA10LUTPerAddrEi.lut  BUILD/LPC1768/ARMC6/MODDMA/DATALUTS.o
    0x000241e8   0x00000018   Data   RO           29    .rodata..L__const._ZN3AjK6MODDMA11LUTPerBurstEi.lut  BUILD/LPC1768/ARMC6/MODDMA/DATALUTS.o
    0x00024200   0x00000016   Data   RO         5891    .rodata..L__const._ZNKSt3__18time_getIwNS_19istreambuf_iteratorIwNS_11char_traitsIwEEEEE6do_getES4_S4_RNS_8ios_baseERjPSt2tmcc.__fm.10  c:\ProgramData\Mbed Studio\mbed-studio-tools\ac6\bin\..\lib\libcxx\libcpp_w.l(locale.cpp.o)
    0x00024216   0x00000002   PAD
    0x00024218   0x0000000a   Data   RO         5892    .rodata..L__const._ZNKSt3__18time_getIwNS_19istreambuf_iteratorIwNS_11char_traitsIwEEEEE6do_getES4_S4_RNS_8ios_baseERjPSt2tmcc.__fm.11  c:\ProgramData\Mbed Studio\mbed-studio-tools\ac6\bin\..\lib\libcxx\libcpp_w.l(locale.cpp.o)
    0x00024222   0x00000002   PAD
    0x00024224   0x00000050   Data   RO         1859    .rodata..Lswitch.table._ZN4mbedL15fat_error_remapE7FRESULT  BUILD/LPC1768/ARMC6/mbed-os/features/storage/filesystem/fat/FATFileSystem.o
    0x00024274   0x0000003c   Data   RO         3584    .rodata.PinMap_I2C_SCL  BUILD/LPC1768/ARMC6/mbed-os/targets/TARGET_NXP/TARGET_LPC176X/i2c_api.o
    0x000242b0   0x0000003c   Data   RO         3583    .rodata.PinMap_I2C_SDA  BUILD/LPC1768/ARMC6/mbed-os/targets/TARGET_NXP/TARGET_LPC176X/i2c_api.o
    0x000242ec   0x0000003c   Data   RO         3759    .rodata.PinMap_SPI_MISO  BUILD/LPC1768/ARMC6/mbed-os/targets/TARGET_NXP/TARGET_LPC176X/spi_api.o
    0x00024328   0x0000003c   Data   RO         3758    .rodata.PinMap_SPI_MOSI  BUILD/LPC1768/ARMC6/mbed-os/targets/TARGET_NXP/TARGET_LPC176X/spi_api.o
    0x00024364   0x0000003c   Data   RO         3760    .rodata.PinMap_SPI_SCLK  BUILD/LPC1768/ARMC6/mbed-os/targets/TARGET_NXP/TARGET_LPC176X/spi_api.o
    0x000243a0   0x0000003c   Data   RO         3761    .rodata.PinMap_SPI_SSEL  BUILD/LPC1768/ARMC6/mbed-os/targets/TARGET_NXP/TARGET_LPC176X/spi_api.o
    0x000243dc   0x00000024   Data   RO         3712    .rodata.PinMap_UART_CTS  BUILD/LPC1768/ARMC6/mbed-os/targets/TARGET_NXP/TARGET_LPC176X/serial_api.o
    0x00024400   0x00000024   Data   RO         3711    .rodata.PinMap_UART_RTS  BUILD/LPC1768/ARMC6/mbed-os/targets/TARGET_NXP/TARGET_LPC176X/serial_api.o
    0x00024424   0x0000006c   Data   RO         3708    .rodata.PinMap_UART_RX  BUILD/LPC1768/ARMC6/mbed-os/targets/TARGET_NXP/TARGET_LPC176X/serial_api.o
    0x00024490   0x0000006c   Data   RO         3707    .rodata.PinMap_UART_TX  BUILD/LPC1768/ARMC6/mbed-os/targets/TARGET_NXP/TARGET_LPC176X/serial_api.o
    0x000244fc   0x0000006c   Data   RO           14    .rodata._ZL10PinMap_ADC  BUILD/LPC1768/ARMC6/FastAnalogIn/FastAnalogIn_LPC1768.o
    0x00024568   0x00000080   Data   RO         1753    .rodata._ZL5ExCvt   BUILD/LPC1768/ARMC6/mbed-os/features/storage/filesystem/fat/ChaN/ff.o
    0x000245e8   0x00000100   Data   RO         1764    .rodata._ZL5uc437   BUILD/LPC1768/ARMC6/mbed-os/features/storage/filesystem/fat/ChaN/ffunicode.o
    0x000246e8   0x0000000d   Data   RO         1754    .rodata._ZL6LfnOfs  BUILD/LPC1768/ARMC6/mbed-os/features/storage/filesystem/fat/ChaN/ff.o
    0x000246f5   0x00000021   Data   RO         5885    .rodata._ZNSt3__114__num_get_base5__srcE  c:\ProgramData\Mbed Studio\mbed-studio-tools\ac6\bin\..\lib\libcxx\libcpp_w.l(locale.cpp.o)
    0x00024716   0x00000002   PAD
    0x00024718   0x0000000c   Data   RO         8216    .rodata._ZTIN10__cxxabiv116__shim_type_infoE  c:\ProgramData\Mbed Studio\mbed-studio-tools\ac6\bin\..\lib\libcxx\libcppabi_w.l(private_typeinfo.cpp.o)
    0x00024724   0x0000000c   Data   RO         8218    .rodata._ZTIN10__cxxabiv117__class_type_infoE  c:\ProgramData\Mbed Studio\mbed-studio-tools\ac6\bin\..\lib\libcxx\libcppabi_w.l(private_typeinfo.cpp.o)
    0x00024730   0x0000000c   Data   RO         8393    .rodata._ZTIN10__cxxabiv120__si_class_type_infoE  c:\ProgramData\Mbed Studio\mbed-studio-tools\ac6\bin\..\lib\libcxx\libcppabi_w.l(private_typeinfo.cpp.o)
    0x0002473c   0x0000000c   Data   RO         8396    .rodata._ZTIN10__cxxabiv121__vmi_class_type_infoE  c:\ProgramData\Mbed Studio\mbed-studio-tools\ac6\bin\..\lib\libcxx\libcppabi_w.l(private_typeinfo.cpp.o)
    0x00024748   0x0000000c   Data   RO         5255    .rodata._ZTINSt3__110__stdinbufIcEE  c:\ProgramData\Mbed Studio\mbed-studio-tools\ac6\bin\..\lib\libcxx\libcpp_w.l(iostream.cpp.o)
    0x00024754   0x0000000c   Data   RO         5258    .rodata._ZTINSt3__110__stdinbufIwEE  c:\ProgramData\Mbed Studio\mbed-studio-tools\ac6\bin\..\lib\libcxx\libcpp_w.l(iostream.cpp.o)
    0x00024760   0x00000008   Data   RO         7259    .rodata._ZTINSt3__110__time_putE  c:\ProgramData\Mbed Studio\mbed-studio-tools\ac6\bin\..\lib\libcxx\libcpp_w.l(locale.cpp.o)
    0x00024768   0x00000008   Data   RO         7210    .rodata._ZTINSt3__110ctype_baseE  c:\ProgramData\Mbed Studio\mbed-studio-tools\ac6\bin\..\lib\libcxx\libcpp_w.l(locale.cpp.o)
    0x00024770   0x00000008   Data   RO         7269    .rodata._ZTINSt3__110money_baseE  c:\ProgramData\Mbed Studio\mbed-studio-tools\ac6\bin\..\lib\libcxx\libcpp_w.l(locale.cpp.o)
    0x00024778   0x00000020   Data   RO         7270    .rodata._ZTINSt3__110moneypunctIcLb0EEE  c:\ProgramData\Mbed Studio\mbed-studio-tools\ac6\bin\..\lib\libcxx\libcpp_w.l(locale.cpp.o)
    0x00024798   0x00000020   Data   RO         7272    .rodata._ZTINSt3__110moneypunctIcLb1EEE  c:\ProgramData\Mbed Studio\mbed-studio-tools\ac6\bin\..\lib\libcxx\libcpp_w.l(locale.cpp.o)
    0x000247b8   0x00000020   Data   RO         7274    .rodata._ZTINSt3__110moneypunctIwLb0EEE  c:\ProgramData\Mbed Studio\mbed-studio-tools\ac6\bin\..\lib\libcxx\libcpp_w.l(locale.cpp.o)
    0x000247d8   0x00000020   Data   RO         7276    .rodata._ZTINSt3__110moneypunctIwLb1EEE  c:\ProgramData\Mbed Studio\mbed-studio-tools\ac6\bin\..\lib\libcxx\libcpp_w.l(locale.cpp.o)
    0x000247f8   0x00000008   Data   RO         7287    .rodata._ZTINSt3__111__money_getIcEE  c:\ProgramData\Mbed Studio\mbed-studio-tools\ac6\bin\..\lib\libcxx\libcpp_w.l(locale.cpp.o)
    0x00024800   0x00000008   Data   RO         7291    .rodata._ZTINSt3__111__money_getIwEE  c:\ProgramData\Mbed Studio\mbed-studio-tools\ac6\bin\..\lib\libcxx\libcpp_w.l(locale.cpp.o)
    0x00024808   0x00000008   Data   RO         7295    .rodata._ZTINSt3__111__money_putIcEE  c:\ProgramData\Mbed Studio\mbed-studio-tools\ac6\bin\..\lib\libcxx\libcpp_w.l(locale.cpp.o)
    0x00024810   0x00000008   Data   RO         7299    .rodata._ZTINSt3__111__money_putIwEE  c:\ProgramData\Mbed Studio\mbed-studio-tools\ac6\bin\..\lib\libcxx\libcpp_w.l(locale.cpp.o)
    0x00024818   0x0000000c   Data   RO         5261    .rodata._ZTINSt3__111__stdoutbufIcEE  c:\ProgramData\Mbed Studio\mbed-studio-tools\ac6\bin\..\lib\libcxx\libcpp_w.l(iostream.cpp.o)
    0x00024824   0x0000000c   Data   RO         5264    .rodata._ZTINSt3__111__stdoutbufIwEE  c:\ProgramData\Mbed Studio\mbed-studio-tools\ac6\bin\..\lib\libcxx\libcpp_w.l(iostream.cpp.o)
    0x00024830   0x00000008   Data   RO         7212    .rodata._ZTINSt3__112codecvt_baseE  c:\ProgramData\Mbed Studio\mbed-studio-tools\ac6\bin\..\lib\libcxx\libcpp_w.l(locale.cpp.o)
    0x00024838   0x00000018   Data   RO         5153    .rodata._ZTINSt3__113basic_istreamIcNS_11char_traitsIcEEEE  c:\ProgramData\Mbed Studio\mbed-studio-tools\ac6\bin\..\lib\libcxx\libcpp_w.l(ios.cpp.o)
    0x00024850   0x00000018   Data   RO         5155    .rodata._ZTINSt3__113basic_istreamIwNS_11char_traitsIwEEEE  c:\ProgramData\Mbed Studio\mbed-studio-tools\ac6\bin\..\lib\libcxx\libcpp_w.l(ios.cpp.o)
    0x00024868   0x00000018   Data   RO         5157    .rodata._ZTINSt3__113basic_ostreamIcNS_11char_traitsIcEEEE  c:\ProgramData\Mbed Studio\mbed-studio-tools\ac6\bin\..\lib\libcxx\libcpp_w.l(ios.cpp.o)
    0x00024880   0x00000018   Data   RO         5159    .rodata._ZTINSt3__113basic_ostreamIwNS_11char_traitsIwEEEE  c:\ProgramData\Mbed Studio\mbed-studio-tools\ac6\bin\..\lib\libcxx\libcpp_w.l(ios.cpp.o)
    0x00024898   0x00000008   Data   RO         7303    .rodata._ZTINSt3__113messages_baseE  c:\ProgramData\Mbed Studio\mbed-studio-tools\ac6\bin\..\lib\libcxx\libcpp_w.l(locale.cpp.o)
    0x000248a0   0x00000008   Data   RO         7220    .rodata._ZTINSt3__114__num_get_baseE  c:\ProgramData\Mbed Studio\mbed-studio-tools\ac6\bin\..\lib\libcxx\libcpp_w.l(locale.cpp.o)
    0x000248a8   0x00000008   Data   RO         7230    .rodata._ZTINSt3__114__num_put_baseE  c:\ProgramData\Mbed Studio\mbed-studio-tools\ac6\bin\..\lib\libcxx\libcpp_w.l(locale.cpp.o)
    0x000248b0   0x00000008   Data   RO         7994    .rodata._ZTINSt3__114__shared_countE  c:\ProgramData\Mbed Studio\mbed-studio-tools\ac6\bin\..\lib\libcxx\libcpp_w.l(memory.cpp.o)
    0x000248b8   0x00000008   Data   RO         5149    .rodata._ZTINSt3__115basic_streambufIcNS_11char_traitsIcEEEE  c:\ProgramData\Mbed Studio\mbed-studio-tools\ac6\bin\..\lib\libcxx\libcpp_w.l(ios.cpp.o)
    0x000248c0   0x00000008   Data   RO         5151    .rodata._ZTINSt3__115basic_streambufIwNS_11char_traitsIwEEEE  c:\ProgramData\Mbed Studio\mbed-studio-tools\ac6\bin\..\lib\libcxx\libcpp_w.l(ios.cpp.o)
    0x000248c8   0x00000008   Data   RO         7241    .rodata._ZTINSt3__120__time_get_c_storageIcEE  c:\ProgramData\Mbed Studio\mbed-studio-tools\ac6\bin\..\lib\libcxx\libcpp_w.l(locale.cpp.o)
    0x000248d0   0x00000008   Data   RO         7245    .rodata._ZTINSt3__120__time_get_c_storageIwEE  c:\ProgramData\Mbed Studio\mbed-studio-tools\ac6\bin\..\lib\libcxx\libcpp_w.l(locale.cpp.o)
    0x000248d8   0x00000020   Data   RO         6043    .rodata._ZTINSt3__15ctypeIcEE  c:\ProgramData\Mbed Studio\mbed-studio-tools\ac6\bin\..\lib\libcxx\libcpp_w.l(locale.cpp.o)
    0x000248f8   0x00000020   Data   RO         5976    .rodata._ZTINSt3__15ctypeIwEE  c:\ProgramData\Mbed Studio\mbed-studio-tools\ac6\bin\..\lib\libcxx\libcpp_w.l(locale.cpp.o)
    0x00024918   0x0000000c   Data   RO         6037    .rodata._ZTINSt3__16locale5__impE  c:\ProgramData\Mbed Studio\mbed-studio-tools\ac6\bin\..\lib\libcxx\libcpp_w.l(locale.cpp.o)
    0x00024924   0x0000000c   Data   RO         5973    .rodata._ZTINSt3__16locale5facetE  c:\ProgramData\Mbed Studio\mbed-studio-tools\ac6\bin\..\lib\libcxx\libcpp_w.l(locale.cpp.o)
    0x00024930   0x00000020   Data   RO         5985    .rodata._ZTINSt3__17codecvtIDicSt11__mbstate_tEE  c:\ProgramData\Mbed Studio\mbed-studio-tools\ac6\bin\..\lib\libcxx\libcpp_w.l(locale.cpp.o)
    0x00024950   0x00000020   Data   RO         5982    .rodata._ZTINSt3__17codecvtIDscSt11__mbstate_tEE  c:\ProgramData\Mbed Studio\mbed-studio-tools\ac6\bin\..\lib\libcxx\libcpp_w.l(locale.cpp.o)
    0x00024970   0x00000020   Data   RO         5979    .rodata._ZTINSt3__17codecvtIccSt11__mbstate_tEE  c:\ProgramData\Mbed Studio\mbed-studio-tools\ac6\bin\..\lib\libcxx\libcpp_w.l(locale.cpp.o)
    0x00024990   0x00000020   Data   RO         6001    .rodata._ZTINSt3__17codecvtIwcSt11__mbstate_tEE  c:\ProgramData\Mbed Studio\mbed-studio-tools\ac6\bin\..\lib\libcxx\libcpp_w.l(locale.cpp.o)
    0x000249b0   0x0000000c   Data   RO         7214    .rodata._ZTINSt3__17collateIcEE  c:\ProgramData\Mbed Studio\mbed-studio-tools\ac6\bin\..\lib\libcxx\libcpp_w.l(locale.cpp.o)
    0x000249bc   0x0000000c   Data   RO         7216    .rodata._ZTINSt3__17collateIwEE  c:\ProgramData\Mbed Studio\mbed-studio-tools\ac6\bin\..\lib\libcxx\libcpp_w.l(locale.cpp.o)
    0x000249c8   0x00000020   Data   RO         7222    .rodata._ZTINSt3__17num_getIcNS_19istreambuf_iteratorIcNS_11char_traitsIcEEEEEE  c:\ProgramData\Mbed Studio\mbed-studio-tools\ac6\bin\..\lib\libcxx\libcpp_w.l(locale.cpp.o)
    0x000249e8   0x00000020   Data   RO         7226    .rodata._ZTINSt3__17num_getIwNS_19istreambuf_iteratorIwNS_11char_traitsIwEEEEEE  c:\ProgramData\Mbed Studio\mbed-studio-tools\ac6\bin\..\lib\libcxx\libcpp_w.l(locale.cpp.o)
    0x00024a08   0x00000020   Data   RO         7232    .rodata._ZTINSt3__17num_putIcNS_19ostreambuf_iteratorIcNS_11char_traitsIcEEEEEE  c:\ProgramData\Mbed Studio\mbed-studio-tools\ac6\bin\..\lib\libcxx\libcpp_w.l(locale.cpp.o)
    0x00024a28   0x00000020   Data   RO         7236    .rodata._ZTINSt3__17num_putIwNS_19ostreambuf_iteratorIwNS_11char_traitsIwEEEEEE  c:\ProgramData\Mbed Studio\mbed-studio-tools\ac6\bin\..\lib\libcxx\libcpp_w.l(locale.cpp.o)
    0x00024a48   0x00000008   Data   RO         4438    .rodata._ZTINSt3__18ios_baseE  c:\ProgramData\Mbed Studio\mbed-studio-tools\ac6\bin\..\lib\libcxx\libcpp_w.l(ios.cpp.o)
    0x00024a50   0x00000020   Data   RO         7304    .rodata._ZTINSt3__18messagesIcEE  c:\ProgramData\Mbed Studio\mbed-studio-tools\ac6\bin\..\lib\libcxx\libcpp_w.l(locale.cpp.o)
    0x00024a70   0x00000020   Data   RO         7306    .rodata._ZTINSt3__18messagesIwEE  c:\ProgramData\Mbed Studio\mbed-studio-tools\ac6\bin\..\lib\libcxx\libcpp_w.l(locale.cpp.o)
    0x00024a90   0x0000000c   Data   RO         6049    .rodata._ZTINSt3__18numpunctIcEE  c:\ProgramData\Mbed Studio\mbed-studio-tools\ac6\bin\..\lib\libcxx\libcpp_w.l(locale.cpp.o)
    0x00024a9c   0x0000000c   Data   RO         6051    .rodata._ZTINSt3__18numpunctIwEE  c:\ProgramData\Mbed Studio\mbed-studio-tools\ac6\bin\..\lib\libcxx\libcpp_w.l(locale.cpp.o)
    0x00024aa8   0x00000028   Data   RO         7242    .rodata._ZTINSt3__18time_getIcNS_19istreambuf_iteratorIcNS_11char_traitsIcEEEEEE  c:\ProgramData\Mbed Studio\mbed-studio-tools\ac6\bin\..\lib\libcxx\libcpp_w.l(locale.cpp.o)
    0x00024ad0   0x00000028   Data   RO         7246    .rodata._ZTINSt3__18time_getIwNS_19istreambuf_iteratorIwNS_11char_traitsIwEEEEEE  c:\ProgramData\Mbed Studio\mbed-studio-tools\ac6\bin\..\lib\libcxx\libcpp_w.l(locale.cpp.o)
    0x00024af8   0x00000020   Data   RO         7260    .rodata._ZTINSt3__18time_putIcNS_19ostreambuf_iteratorIcNS_11char_traitsIcEEEEEE  c:\ProgramData\Mbed Studio\mbed-studio-tools\ac6\bin\..\lib\libcxx\libcpp_w.l(locale.cpp.o)
    0x00024b18   0x00000020   Data   RO         7262    .rodata._ZTINSt3__18time_putIwNS_19ostreambuf_iteratorIwNS_11char_traitsIwEEEEEE  c:\ProgramData\Mbed Studio\mbed-studio-tools\ac6\bin\..\lib\libcxx\libcpp_w.l(locale.cpp.o)
    0x00024b38   0x00000018   Data   RO         7221    .rodata._ZTINSt3__19__num_getIcEE  c:\ProgramData\Mbed Studio\mbed-studio-tools\ac6\bin\..\lib\libcxx\libcpp_w.l(locale.cpp.o)
    0x00024b50   0x00000018   Data   RO         7225    .rodata._ZTINSt3__19__num_getIwEE  c:\ProgramData\Mbed Studio\mbed-studio-tools\ac6\bin\..\lib\libcxx\libcpp_w.l(locale.cpp.o)
    0x00024b68   0x00000018   Data   RO         7231    .rodata._ZTINSt3__19__num_putIcEE  c:\ProgramData\Mbed Studio\mbed-studio-tools\ac6\bin\..\lib\libcxx\libcpp_w.l(locale.cpp.o)
    0x00024b80   0x00000018   Data   RO         7235    .rodata._ZTINSt3__19__num_putIwEE  c:\ProgramData\Mbed Studio\mbed-studio-tools\ac6\bin\..\lib\libcxx\libcpp_w.l(locale.cpp.o)
    0x00024b98   0x0000000c   Data   RO         5145    .rodata._ZTINSt3__19basic_iosIcNS_11char_traitsIcEEEE  c:\ProgramData\Mbed Studio\mbed-studio-tools\ac6\bin\..\lib\libcxx\libcpp_w.l(ios.cpp.o)
    0x00024ba4   0x0000000c   Data   RO         5147    .rodata._ZTINSt3__19basic_iosIwNS_11char_traitsIwEEEE  c:\ProgramData\Mbed Studio\mbed-studio-tools\ac6\bin\..\lib\libcxx\libcpp_w.l(ios.cpp.o)
    0x00024bb0   0x00000020   Data   RO         7288    .rodata._ZTINSt3__19money_getIcNS_19istreambuf_iteratorIcNS_11char_traitsIcEEEEEE  c:\ProgramData\Mbed Studio\mbed-studio-tools\ac6\bin\..\lib\libcxx\libcpp_w.l(locale.cpp.o)
    0x00024bd0   0x00000020   Data   RO         7292    .rodata._ZTINSt3__19money_getIwNS_19istreambuf_iteratorIwNS_11char_traitsIwEEEEEE  c:\ProgramData\Mbed Studio\mbed-studio-tools\ac6\bin\..\lib\libcxx\libcpp_w.l(locale.cpp.o)
    0x00024bf0   0x00000020   Data   RO         7296    .rodata._ZTINSt3__19money_putIcNS_19ostreambuf_iteratorIcNS_11char_traitsIcEEEEEE  c:\ProgramData\Mbed Studio\mbed-studio-tools\ac6\bin\..\lib\libcxx\libcpp_w.l(locale.cpp.o)
    0x00024c10   0x00000020   Data   RO         7300    .rodata._ZTINSt3__19money_putIwNS_19ostreambuf_iteratorIwNS_11char_traitsIwEEEEEE  c:\ProgramData\Mbed Studio\mbed-studio-tools\ac6\bin\..\lib\libcxx\libcpp_w.l(locale.cpp.o)
    0x00024c30   0x00000008   Data   RO         7239    .rodata._ZTINSt3__19time_baseE  c:\ProgramData\Mbed Studio\mbed-studio-tools\ac6\bin\..\lib\libcxx\libcpp_w.l(locale.cpp.o)
    0x00024c38   0x00000008   Data   RO         8790    .rodata._ZTISt9type_info  c:\ProgramData\Mbed Studio\mbed-studio-tools\ac6\bin\..\lib\libcxx\libcppabi_w.l(stdlib_typeinfo.cpp.o)
    0x00024c40   0x00000021   Data   RO         8215    .rodata._ZTSN10__cxxabiv116__shim_type_infoE  c:\ProgramData\Mbed Studio\mbed-studio-tools\ac6\bin\..\lib\libcxx\libcppabi_w.l(private_typeinfo.cpp.o)
    0x00024c61   0x00000022   Data   RO         8217    .rodata._ZTSN10__cxxabiv117__class_type_infoE  c:\ProgramData\Mbed Studio\mbed-studio-tools\ac6\bin\..\lib\libcxx\libcppabi_w.l(private_typeinfo.cpp.o)
    0x00024c83   0x00000025   Data   RO         8392    .rodata._ZTSN10__cxxabiv120__si_class_type_infoE  c:\ProgramData\Mbed Studio\mbed-studio-tools\ac6\bin\..\lib\libcxx\libcppabi_w.l(private_typeinfo.cpp.o)
    0x00024ca8   0x00000026   Data   RO         8395    .rodata._ZTSN10__cxxabiv121__vmi_class_type_infoE  c:\ProgramData\Mbed Studio\mbed-studio-tools\ac6\bin\..\lib\libcxx\libcppabi_w.l(private_typeinfo.cpp.o)
    0x00024cce   0x00000018   Data   RO         5254    .rodata._ZTSNSt3__110__stdinbufIcEE  c:\ProgramData\Mbed Studio\mbed-studio-tools\ac6\bin\..\lib\libcxx\libcpp_w.l(iostream.cpp.o)
    0x00024ce6   0x00000018   Data   RO         5257    .rodata._ZTSNSt3__110__stdinbufIwEE  c:\ProgramData\Mbed Studio\mbed-studio-tools\ac6\bin\..\lib\libcxx\libcpp_w.l(iostream.cpp.o)
    0x00024cfe   0x00000015   Data   RO         7258    .rodata._ZTSNSt3__110__time_putE  c:\ProgramData\Mbed Studio\mbed-studio-tools\ac6\bin\..\lib\libcxx\libcpp_w.l(locale.cpp.o)
    0x00024d13   0x00000015   Data   RO         7209    .rodata._ZTSNSt3__110ctype_baseE  c:\ProgramData\Mbed Studio\mbed-studio-tools\ac6\bin\..\lib\libcxx\libcpp_w.l(locale.cpp.o)
    0x00024d28   0x00000015   Data   RO         7268    .rodata._ZTSNSt3__110money_baseE  c:\ProgramData\Mbed Studio\mbed-studio-tools\ac6\bin\..\lib\libcxx\libcpp_w.l(locale.cpp.o)
    0x00024d3d   0x0000001c   Data   RO         7267    .rodata._ZTSNSt3__110moneypunctIcLb0EEE  c:\ProgramData\Mbed Studio\mbed-studio-tools\ac6\bin\..\lib\libcxx\libcpp_w.l(locale.cpp.o)
    0x00024d59   0x0000001c   Data   RO         7271    .rodata._ZTSNSt3__110moneypunctIcLb1EEE  c:\ProgramData\Mbed Studio\mbed-studio-tools\ac6\bin\..\lib\libcxx\libcpp_w.l(locale.cpp.o)
    0x00024d75   0x0000001c   Data   RO         7273    .rodata._ZTSNSt3__110moneypunctIwLb0EEE  c:\ProgramData\Mbed Studio\mbed-studio-tools\ac6\bin\..\lib\libcxx\libcpp_w.l(locale.cpp.o)
    0x00024d91   0x0000001c   Data   RO         7275    .rodata._ZTSNSt3__110moneypunctIwLb1EEE  c:\ProgramData\Mbed Studio\mbed-studio-tools\ac6\bin\..\lib\libcxx\libcpp_w.l(locale.cpp.o)
    0x00024dad   0x00000019   Data   RO         7286    .rodata._ZTSNSt3__111__money_getIcEE  c:\ProgramData\Mbed Studio\mbed-studio-tools\ac6\bin\..\lib\libcxx\libcpp_w.l(locale.cpp.o)
    0x00024dc6   0x00000019   Data   RO         7290    .rodata._ZTSNSt3__111__money_getIwEE  c:\ProgramData\Mbed Studio\mbed-studio-tools\ac6\bin\..\lib\libcxx\libcpp_w.l(locale.cpp.o)
    0x00024ddf   0x00000019   Data   RO         7294    .rodata._ZTSNSt3__111__money_putIcEE  c:\ProgramData\Mbed Studio\mbed-studio-tools\ac6\bin\..\lib\libcxx\libcpp_w.l(locale.cpp.o)
    0x00024df8   0x00000019   Data   RO         7298    .rodata._ZTSNSt3__111__money_putIwEE  c:\ProgramData\Mbed Studio\mbed-studio-tools\ac6\bin\..\lib\libcxx\libcpp_w.l(locale.cpp.o)
    0x00024e11   0x00000019   Data   RO         5260    .rodata._ZTSNSt3__111__stdoutbufIcEE  c:\ProgramData\Mbed Studio\mbed-studio-tools\ac6\bin\..\lib\libcxx\libcpp_w.l(iostream.cpp.o)
    0x00024e2a   0x00000019   Data   RO         5263    .rodata._ZTSNSt3__111__stdoutbufIwEE  c:\ProgramData\Mbed Studio\mbed-studio-tools\ac6\bin\..\lib\libcxx\libcpp_w.l(iostream.cpp.o)
    0x00024e43   0x00000017   Data   RO         7211    .rodata._ZTSNSt3__112codecvt_baseE  c:\ProgramData\Mbed Studio\mbed-studio-tools\ac6\bin\..\lib\libcxx\libcpp_w.l(locale.cpp.o)
    0x00024e5a   0x0000002f   Data   RO         5152    .rodata._ZTSNSt3__113basic_istreamIcNS_11char_traitsIcEEEE  c:\ProgramData\Mbed Studio\mbed-studio-tools\ac6\bin\..\lib\libcxx\libcpp_w.l(ios.cpp.o)
    0x00024e89   0x0000002f   Data   RO         5154    .rodata._ZTSNSt3__113basic_istreamIwNS_11char_traitsIwEEEE  c:\ProgramData\Mbed Studio\mbed-studio-tools\ac6\bin\..\lib\libcxx\libcpp_w.l(ios.cpp.o)
    0x00024eb8   0x0000002f   Data   RO         5156    .rodata._ZTSNSt3__113basic_ostreamIcNS_11char_traitsIcEEEE  c:\ProgramData\Mbed Studio\mbed-studio-tools\ac6\bin\..\lib\libcxx\libcpp_w.l(ios.cpp.o)
    0x00024ee7   0x0000002f   Data   RO         5158    .rodata._ZTSNSt3__113basic_ostreamIwNS_11char_traitsIwEEEE  c:\ProgramData\Mbed Studio\mbed-studio-tools\ac6\bin\..\lib\libcxx\libcpp_w.l(ios.cpp.o)
    0x00024f16   0x00000018   Data   RO         7302    .rodata._ZTSNSt3__113messages_baseE  c:\ProgramData\Mbed Studio\mbed-studio-tools\ac6\bin\..\lib\libcxx\libcpp_w.l(locale.cpp.o)
    0x00024f2e   0x00000019   Data   RO         7219    .rodata._ZTSNSt3__114__num_get_baseE  c:\ProgramData\Mbed Studio\mbed-studio-tools\ac6\bin\..\lib\libcxx\libcpp_w.l(locale.cpp.o)
    0x00024f47   0x00000019   Data   RO         7229    .rodata._ZTSNSt3__114__num_put_baseE  c:\ProgramData\Mbed Studio\mbed-studio-tools\ac6\bin\..\lib\libcxx\libcpp_w.l(locale.cpp.o)
    0x00024f60   0x00000019   Data   RO         7993    .rodata._ZTSNSt3__114__shared_countE  c:\ProgramData\Mbed Studio\mbed-studio-tools\ac6\bin\..\lib\libcxx\libcpp_w.l(memory.cpp.o)
    0x00024f79   0x00000031   Data   RO         5148    .rodata._ZTSNSt3__115basic_streambufIcNS_11char_traitsIcEEEE  c:\ProgramData\Mbed Studio\mbed-studio-tools\ac6\bin\..\lib\libcxx\libcpp_w.l(ios.cpp.o)
    0x00024faa   0x00000031   Data   RO         5150    .rodata._ZTSNSt3__115basic_streambufIwNS_11char_traitsIwEEEE  c:\ProgramData\Mbed Studio\mbed-studio-tools\ac6\bin\..\lib\libcxx\libcpp_w.l(ios.cpp.o)
    0x00024fdb   0x00000022   Data   RO         7240    .rodata._ZTSNSt3__120__time_get_c_storageIcEE  c:\ProgramData\Mbed Studio\mbed-studio-tools\ac6\bin\..\lib\libcxx\libcpp_w.l(locale.cpp.o)
    0x00024ffd   0x00000022   Data   RO         7244    .rodata._ZTSNSt3__120__time_get_c_storageIwEE  c:\ProgramData\Mbed Studio\mbed-studio-tools\ac6\bin\..\lib\libcxx\libcpp_w.l(locale.cpp.o)
    0x0002501f   0x00000012   Data   RO         6042    .rodata._ZTSNSt3__15ctypeIcEE  c:\ProgramData\Mbed Studio\mbed-studio-tools\ac6\bin\..\lib\libcxx\libcpp_w.l(locale.cpp.o)
    0x00025031   0x00000012   Data   RO         5975    .rodata._ZTSNSt3__15ctypeIwEE  c:\ProgramData\Mbed Studio\mbed-studio-tools\ac6\bin\..\lib\libcxx\libcpp_w.l(locale.cpp.o)
    0x00025043   0x00000016   Data   RO         6036    .rodata._ZTSNSt3__16locale5__impE  c:\ProgramData\Mbed Studio\mbed-studio-tools\ac6\bin\..\lib\libcxx\libcpp_w.l(locale.cpp.o)
    0x00025059   0x00000016   Data   RO         5972    .rodata._ZTSNSt3__16locale5facetE  c:\ProgramData\Mbed Studio\mbed-studio-tools\ac6\bin\..\lib\libcxx\libcpp_w.l(locale.cpp.o)
    0x0002506f   0x00000025   Data   RO         5984    .rodata._ZTSNSt3__17codecvtIDicSt11__mbstate_tEE  c:\ProgramData\Mbed Studio\mbed-studio-tools\ac6\bin\..\lib\libcxx\libcpp_w.l(locale.cpp.o)
    0x00025094   0x00000025   Data   RO         5981    .rodata._ZTSNSt3__17codecvtIDscSt11__mbstate_tEE  c:\ProgramData\Mbed Studio\mbed-studio-tools\ac6\bin\..\lib\libcxx\libcpp_w.l(locale.cpp.o)
    0x000250b9   0x00000024   Data   RO         5978    .rodata._ZTSNSt3__17codecvtIccSt11__mbstate_tEE  c:\ProgramData\Mbed Studio\mbed-studio-tools\ac6\bin\..\lib\libcxx\libcpp_w.l(locale.cpp.o)
    0x000250dd   0x00000024   Data   RO         6000    .rodata._ZTSNSt3__17codecvtIwcSt11__mbstate_tEE  c:\ProgramData\Mbed Studio\mbed-studio-tools\ac6\bin\..\lib\libcxx\libcpp_w.l(locale.cpp.o)
    0x00025101   0x00000014   Data   RO         7213    .rodata._ZTSNSt3__17collateIcEE  c:\ProgramData\Mbed Studio\mbed-studio-tools\ac6\bin\..\lib\libcxx\libcpp_w.l(locale.cpp.o)
    0x00025115   0x00000014   Data   RO         7215    .rodata._ZTSNSt3__17collateIwEE  c:\ProgramData\Mbed Studio\mbed-studio-tools\ac6\bin\..\lib\libcxx\libcpp_w.l(locale.cpp.o)
    0x00025129   0x00000044   Data   RO         7217    .rodata._ZTSNSt3__17num_getIcNS_19istreambuf_iteratorIcNS_11char_traitsIcEEEEEE  c:\ProgramData\Mbed Studio\mbed-studio-tools\ac6\bin\..\lib\libcxx\libcpp_w.l(locale.cpp.o)
    0x0002516d   0x00000044   Data   RO         7223    .rodata._ZTSNSt3__17num_getIwNS_19istreambuf_iteratorIwNS_11char_traitsIwEEEEEE  c:\ProgramData\Mbed Studio\mbed-studio-tools\ac6\bin\..\lib\libcxx\libcpp_w.l(locale.cpp.o)
    0x000251b1   0x00000044   Data   RO         7227    .rodata._ZTSNSt3__17num_putIcNS_19ostreambuf_iteratorIcNS_11char_traitsIcEEEEEE  c:\ProgramData\Mbed Studio\mbed-studio-tools\ac6\bin\..\lib\libcxx\libcpp_w.l(locale.cpp.o)
    0x000251f5   0x00000044   Data   RO         7233    .rodata._ZTSNSt3__17num_putIwNS_19ostreambuf_iteratorIwNS_11char_traitsIwEEEEEE  c:\ProgramData\Mbed Studio\mbed-studio-tools\ac6\bin\..\lib\libcxx\libcpp_w.l(locale.cpp.o)
    0x00025239   0x00000012   Data   RO         4437    .rodata._ZTSNSt3__18ios_baseE  c:\ProgramData\Mbed Studio\mbed-studio-tools\ac6\bin\..\lib\libcxx\libcpp_w.l(ios.cpp.o)
    0x0002524b   0x00000015   Data   RO         7301    .rodata._ZTSNSt3__18messagesIcEE  c:\ProgramData\Mbed Studio\mbed-studio-tools\ac6\bin\..\lib\libcxx\libcpp_w.l(locale.cpp.o)
    0x00025260   0x00000015   Data   RO         7305    .rodata._ZTSNSt3__18messagesIwEE  c:\ProgramData\Mbed Studio\mbed-studio-tools\ac6\bin\..\lib\libcxx\libcpp_w.l(locale.cpp.o)
    0x00025275   0x00000015   Data   RO         6048    .rodata._ZTSNSt3__18numpunctIcEE  c:\ProgramData\Mbed Studio\mbed-studio-tools\ac6\bin\..\lib\libcxx\libcpp_w.l(locale.cpp.o)
    0x0002528a   0x00000015   Data   RO         6050    .rodata._ZTSNSt3__18numpunctIwEE  c:\ProgramData\Mbed Studio\mbed-studio-tools\ac6\bin\..\lib\libcxx\libcpp_w.l(locale.cpp.o)
    0x0002529f   0x00000045   Data   RO         7237    .rodata._ZTSNSt3__18time_getIcNS_19istreambuf_iteratorIcNS_11char_traitsIcEEEEEE  c:\ProgramData\Mbed Studio\mbed-studio-tools\ac6\bin\..\lib\libcxx\libcpp_w.l(locale.cpp.o)
    0x000252e4   0x00000045   Data   RO         7243    .rodata._ZTSNSt3__18time_getIwNS_19istreambuf_iteratorIwNS_11char_traitsIwEEEEEE  c:\ProgramData\Mbed Studio\mbed-studio-tools\ac6\bin\..\lib\libcxx\libcpp_w.l(locale.cpp.o)
    0x00025329   0x00000045   Data   RO         7257    .rodata._ZTSNSt3__18time_putIcNS_19ostreambuf_iteratorIcNS_11char_traitsIcEEEEEE  c:\ProgramData\Mbed Studio\mbed-studio-tools\ac6\bin\..\lib\libcxx\libcpp_w.l(locale.cpp.o)
    0x0002536e   0x00000045   Data   RO         7261    .rodata._ZTSNSt3__18time_putIwNS_19ostreambuf_iteratorIwNS_11char_traitsIwEEEEEE  c:\ProgramData\Mbed Studio\mbed-studio-tools\ac6\bin\..\lib\libcxx\libcpp_w.l(locale.cpp.o)
    0x000253b3   0x00000016   Data   RO         7218    .rodata._ZTSNSt3__19__num_getIcEE  c:\ProgramData\Mbed Studio\mbed-studio-tools\ac6\bin\..\lib\libcxx\libcpp_w.l(locale.cpp.o)
    0x000253c9   0x00000016   Data   RO         7224    .rodata._ZTSNSt3__19__num_getIwEE  c:\ProgramData\Mbed Studio\mbed-studio-tools\ac6\bin\..\lib\libcxx\libcpp_w.l(locale.cpp.o)
    0x000253df   0x00000016   Data   RO         7228    .rodata._ZTSNSt3__19__num_putIcEE  c:\ProgramData\Mbed Studio\mbed-studio-tools\ac6\bin\..\lib\libcxx\libcpp_w.l(locale.cpp.o)
    0x000253f5   0x00000016   Data   RO         7234    .rodata._ZTSNSt3__19__num_putIwEE  c:\ProgramData\Mbed Studio\mbed-studio-tools\ac6\bin\..\lib\libcxx\libcpp_w.l(locale.cpp.o)
    0x0002540b   0x0000002a   Data   RO         5144    .rodata._ZTSNSt3__19basic_iosIcNS_11char_traitsIcEEEE  c:\ProgramData\Mbed Studio\mbed-studio-tools\ac6\bin\..\lib\libcxx\libcpp_w.l(ios.cpp.o)
    0x00025435   0x0000002a   Data   RO         5146    .rodata._ZTSNSt3__19basic_iosIwNS_11char_traitsIwEEEE  c:\ProgramData\Mbed Studio\mbed-studio-tools\ac6\bin\..\lib\libcxx\libcpp_w.l(ios.cpp.o)
    0x0002545f   0x00000046   Data   RO         7285    .rodata._ZTSNSt3__19money_getIcNS_19istreambuf_iteratorIcNS_11char_traitsIcEEEEEE  c:\ProgramData\Mbed Studio\mbed-studio-tools\ac6\bin\..\lib\libcxx\libcpp_w.l(locale.cpp.o)
    0x000254a5   0x00000046   Data   RO         7289    .rodata._ZTSNSt3__19money_getIwNS_19istreambuf_iteratorIwNS_11char_traitsIwEEEEEE  c:\ProgramData\Mbed Studio\mbed-studio-tools\ac6\bin\..\lib\libcxx\libcpp_w.l(locale.cpp.o)
    0x000254eb   0x00000046   Data   RO         7293    .rodata._ZTSNSt3__19money_putIcNS_19ostreambuf_iteratorIcNS_11char_traitsIcEEEEEE  c:\ProgramData\Mbed Studio\mbed-studio-tools\ac6\bin\..\lib\libcxx\libcpp_w.l(locale.cpp.o)
    0x00025531   0x00000046   Data   RO         7297    .rodata._ZTSNSt3__19money_putIwNS_19ostreambuf_iteratorIwNS_11char_traitsIwEEEEEE  c:\ProgramData\Mbed Studio\mbed-studio-tools\ac6\bin\..\lib\libcxx\libcpp_w.l(locale.cpp.o)
    0x00025577   0x00000013   Data   RO         7238    .rodata._ZTSNSt3__19time_baseE  c:\ProgramData\Mbed Studio\mbed-studio-tools\ac6\bin\..\lib\libcxx\libcpp_w.l(locale.cpp.o)
    0x0002558a   0x0000000d   Data   RO         8789    .rodata._ZTSSt9type_info  c:\ProgramData\Mbed Studio\mbed-studio-tools\ac6\bin\..\lib\libcxx\libcppabi_w.l(stdlib_typeinfo.cpp.o)
    0x00025597   0x00000001   PAD
    0x00025598   0x00000018   Data   RO         3927    .rodata._ZTV10DigitalPin  BUILD/LPC1768/ARMC6/modules/digitalPin/digitalPin.o
    0x000255b0   0x00000014   Data   RO         4076    .rodata._ZTV10Thermistor  BUILD/LPC1768/ARMC6/sensors/thermistor/thermistor.o
    0x000255c4   0x00000018   Data   RO         4060    .rodata._ZTV11Temperature  BUILD/LPC1768/ARMC6/modules/temperature/temperature.o
    0x000255dc   0x00000050   Data   RO         2985    .rodata._ZTV12DirectSerial  BUILD/LPC1768/ARMC6/mbed-os/platform/source/mbed_retarget.o
    0x0002562c   0x00000064   Data   RO          310    .rodata._ZTV13SDBlockDevice  BUILD/LPC1768/ARMC6/mbed-os/components/storage/blockdevice/COMPONENT_SD/SDBlockDevice.o
    0x00025690   0x0000000c   Data   RO         4123    .rodata._ZTV14TimerInterrupt  BUILD/LPC1768/ARMC6/thread/timerInterrupt.o
    0x0002569c   0x00000018   Data   RO         3977    .rodata._ZTV3PWM    BUILD/LPC1768/ARMC6/modules/pwm/pwm.o
    0x000256b4   0x00000018   Data   RO         3899    .rodata._ZTV5Blink  BUILD/LPC1768/ARMC6/modules/blink/blink.o
    0x000256cc   0x00000018   Data   RO         3963    .rodata._ZTV6Module  BUILD/LPC1768/ARMC6/modules/module.o
    0x000256e4   0x00000018   Data   RO         4043    .rodata._ZTV6Switch  BUILD/LPC1768/ARMC6/modules/switch/switch.o
    0x000256fc   0x00000018   Data   RO         3941    .rodata._ZTV7Encoder  BUILD/LPC1768/ARMC6/modules/encoder/encoder.o
    0x00025714   0x00000018   Data   RO         3918    .rodata._ZTV7MCP4451  BUILD/LPC1768/ARMC6/modules/digipot/mcp4451.o
    0x0002572c   0x00000018   Data   RO         3996    .rodata._ZTV7RCServo  BUILD/LPC1768/ARMC6/modules/rcservo/rcservo.o
    0x00025744   0x00000018   Data   RO           83    .rodata._ZTV7SoftPWM  BUILD/LPC1768/ARMC6/drivers/softPwm/softPwm.o
    0x0002575c   0x00000018   Data   RO         4027    .rodata._ZTV7Stepgen  BUILD/LPC1768/ARMC6/modules/stepgen/stepgen.o
    0x00025774   0x00000018   Data   RO         4010    .rodata._ZTV8ResetPin  BUILD/LPC1768/ARMC6/modules/resetPin/resetPin.o
    0x0002578c   0x0000000c   Data   RO         4109    .rodata._ZTV9Interrupt  BUILD/LPC1768/ARMC6/thread/interrupt.o
    0x00025798   0x00000028   Data   RO         8390    .rodata._ZTVN10__cxxabiv117__class_type_infoE  c:\ProgramData\Mbed Studio\mbed-studio-tools\ac6\bin\..\lib\libcxx\libcppabi_w.l(private_typeinfo.cpp.o)
    0x000257c0   0x00000028   Data   RO         8391    .rodata._ZTVN10__cxxabiv120__si_class_type_infoE  c:\ProgramData\Mbed Studio\mbed-studio-tools\ac6\bin\..\lib\libcxx\libcppabi_w.l(private_typeinfo.cpp.o)
    0x000257e8   0x00000028   Data   RO         8394    .rodata._ZTVN10__cxxabiv121__vmi_class_type_infoE  c:\ProgramData\Mbed Studio\mbed-studio-tools\ac6\bin\..\lib\libcxx\libcppabi_w.l(private_typeinfo.cpp.o)
    0x00025810   0x00000090   Data   RO         1621    .rodata._ZTVN4mbed10FileSystemE  BUILD/LPC1768/ARMC6/mbed-os/features/storage/filesystem/FileSystem.o
    0x000258a0   0x0000000c   Data   RO         1052    .rodata._ZTVN4mbed10TimerEventE  BUILD/LPC1768/ARMC6/mbed-os/drivers/source/TimerEvent.o
    0x000258ac   0x000000a0   Data   RO         1857    .rodata._ZTVN4mbed13FATFileSystemE  BUILD/LPC1768/ARMC6/mbed-os/features/storage/filesystem/fat/FATFileSystem.o
    0x0002594c   0x0000003c   Data   RO         1651    .rodata._ZTVN4mbed14FileSystemLikeE  BUILD/LPC1768/ARMC6/mbed-os/features/storage/filesystem/FileSystem.o
    0x00025988   0x0000002c   Data   RO         2227    .rodata._ZTVN4mbed16FileSystemHandleE  BUILD/LPC1768/ARMC6/mbed-os/platform/source/FileSystemHandle.o
    0x000259b4   0x0000002c   Data   RO         1539    .rodata._ZTVN4mbed3DirE  BUILD/LPC1768/ARMC6/mbed-os/features/storage/filesystem/Dir.o
    0x000259e0   0x00000018   Data   RO          682    .rodata._ZTVN4mbed3I2CE  BUILD/LPC1768/ARMC6/mbed-os/drivers/source/I2C.o
    0x000259f8   0x00000020   Data   RO          889    .rodata._ZTVN4mbed3SPIE  BUILD/LPC1768/ARMC6/mbed-os/drivers/source/SPI.o
    0x00025a18   0x00000054   Data   RO         1572    .rodata._ZTVN4mbed4FileE  BUILD/LPC1768/ARMC6/mbed-os/features/storage/filesystem/File.o
    0x00025a6c   0x0000002c   Data   RO         1653    .rodata._ZTVN4mbed7ManagedINS_3DirEEE  BUILD/LPC1768/ARMC6/mbed-os/features/storage/filesystem/FileSystem.o
    0x00025a98   0x00000054   Data   RO         1652    .rodata._ZTVN4mbed7ManagedINS_4FileEEE  BUILD/LPC1768/ARMC6/mbed-os/features/storage/filesystem/FileSystem.o
    0x00025aec   0x00000010   Data   RO         2184    .rodata._ZTVN4mbed8FileBaseE  BUILD/LPC1768/ARMC6/mbed-os/platform/source/FileBase.o
    0x00025afc   0x0000000c   Data   RO         2505    .rodata._ZTVN4mbed8internal8SysTimerINSt3__15ratioILx1ELx1000EEELb1EEE  BUILD/LPC1768/ARMC6/mbed-os/platform/source/SysTimer.o
    0x00025b08   0x00000040   Data   RO         5253    .rodata._ZTVNSt3__110__stdinbufIcEE  c:\ProgramData\Mbed Studio\mbed-studio-tools\ac6\bin\..\lib\libcxx\libcpp_w.l(iostream.cpp.o)
    0x00025b48   0x00000040   Data   RO         5256    .rodata._ZTVNSt3__110__stdinbufIwEE  c:\ProgramData\Mbed Studio\mbed-studio-tools\ac6\bin\..\lib\libcxx\libcpp_w.l(iostream.cpp.o)
    0x00025b88   0x00000038   Data   RO         7175    .rodata._ZTVNSt3__110moneypunctIcLb0EEE  c:\ProgramData\Mbed Studio\mbed-studio-tools\ac6\bin\..\lib\libcxx\libcpp_w.l(locale.cpp.o)
    0x00025bc0   0x00000038   Data   RO         7178    .rodata._ZTVNSt3__110moneypunctIcLb1EEE  c:\ProgramData\Mbed Studio\mbed-studio-tools\ac6\bin\..\lib\libcxx\libcpp_w.l(locale.cpp.o)
    0x00025bf8   0x00000038   Data   RO         7181    .rodata._ZTVNSt3__110moneypunctIwLb0EEE  c:\ProgramData\Mbed Studio\mbed-studio-tools\ac6\bin\..\lib\libcxx\libcpp_w.l(locale.cpp.o)
    0x00025c30   0x00000038   Data   RO         7184    .rodata._ZTVNSt3__110moneypunctIwLb1EEE  c:\ProgramData\Mbed Studio\mbed-studio-tools\ac6\bin\..\lib\libcxx\libcpp_w.l(locale.cpp.o)
    0x00025c68   0x00000040   Data   RO         5259    .rodata._ZTVNSt3__111__stdoutbufIcEE  c:\ProgramData\Mbed Studio\mbed-studio-tools\ac6\bin\..\lib\libcxx\libcpp_w.l(iostream.cpp.o)
    0x00025ca8   0x00000040   Data   RO         5262    .rodata._ZTVNSt3__111__stdoutbufIwEE  c:\ProgramData\Mbed Studio\mbed-studio-tools\ac6\bin\..\lib\libcxx\libcpp_w.l(iostream.cpp.o)
    0x00025ce8   0x00000028   Data   RO         5134    .rodata._ZTVNSt3__113basic_istreamIcNS_11char_traitsIcEEEE  c:\ProgramData\Mbed Studio\mbed-studio-tools\ac6\bin\..\lib\libcxx\libcpp_w.l(ios.cpp.o)
    0x00025d10   0x00000028   Data   RO         5136    .rodata._ZTVNSt3__113basic_istreamIwNS_11char_traitsIwEEEE  c:\ProgramData\Mbed Studio\mbed-studio-tools\ac6\bin\..\lib\libcxx\libcpp_w.l(ios.cpp.o)
    0x00025d38   0x00000028   Data   RO         5138    .rodata._ZTVNSt3__113basic_ostreamIcNS_11char_traitsIcEEEE  c:\ProgramData\Mbed Studio\mbed-studio-tools\ac6\bin\..\lib\libcxx\libcpp_w.l(ios.cpp.o)
    0x00025d60   0x00000028   Data   RO         5140    .rodata._ZTVNSt3__113basic_ostreamIwNS_11char_traitsIwEEEE  c:\ProgramData\Mbed Studio\mbed-studio-tools\ac6\bin\..\lib\libcxx\libcpp_w.l(ios.cpp.o)
    0x00025d88   0x00000040   Data   RO         5132    .rodata._ZTVNSt3__115basic_streambufIcNS_11char_traitsIcEEEE  c:\ProgramData\Mbed Studio\mbed-studio-tools\ac6\bin\..\lib\libcxx\libcpp_w.l(ios.cpp.o)
    0x00025dc8   0x00000040   Data   RO         5133    .rodata._ZTVNSt3__115basic_streambufIwNS_11char_traitsIwEEEE  c:\ProgramData\Mbed Studio\mbed-studio-tools\ac6\bin\..\lib\libcxx\libcpp_w.l(ios.cpp.o)
    0x00025e08   0x00000034   Data   RO         5927    .rodata._ZTVNSt3__15ctypeIcEE  c:\ProgramData\Mbed Studio\mbed-studio-tools\ac6\bin\..\lib\libcxx\libcpp_w.l(locale.cpp.o)
    0x00025e3c   0x00000044   Data   RO         5974    .rodata._ZTVNSt3__15ctypeIwEE  c:\ProgramData\Mbed Studio\mbed-studio-tools\ac6\bin\..\lib\libcxx\libcpp_w.l(locale.cpp.o)
    0x00025e80   0x00000014   Data   RO         5903    .rodata._ZTVNSt3__16locale5__impE  c:\ProgramData\Mbed Studio\mbed-studio-tools\ac6\bin\..\lib\libcxx\libcpp_w.l(locale.cpp.o)
    0x00025e94   0x00000014   Data   RO         5971    .rodata._ZTVNSt3__16locale5facetE  c:\ProgramData\Mbed Studio\mbed-studio-tools\ac6\bin\..\lib\libcxx\libcpp_w.l(locale.cpp.o)
    0x00025ea8   0x00000030   Data   RO         5983    .rodata._ZTVNSt3__17codecvtIDicSt11__mbstate_tEE  c:\ProgramData\Mbed Studio\mbed-studio-tools\ac6\bin\..\lib\libcxx\libcpp_w.l(locale.cpp.o)
    0x00025ed8   0x00000030   Data   RO         5980    .rodata._ZTVNSt3__17codecvtIDscSt11__mbstate_tEE  c:\ProgramData\Mbed Studio\mbed-studio-tools\ac6\bin\..\lib\libcxx\libcpp_w.l(locale.cpp.o)
    0x00025f08   0x00000030   Data   RO         5977    .rodata._ZTVNSt3__17codecvtIccSt11__mbstate_tEE  c:\ProgramData\Mbed Studio\mbed-studio-tools\ac6\bin\..\lib\libcxx\libcpp_w.l(locale.cpp.o)
    0x00025f38   0x00000030   Data   RO         5933    .rodata._ZTVNSt3__17codecvtIwcSt11__mbstate_tEE  c:\ProgramData\Mbed Studio\mbed-studio-tools\ac6\bin\..\lib\libcxx\libcpp_w.l(locale.cpp.o)
    0x00025f68   0x00000020   Data   RO         7151    .rodata._ZTVNSt3__17collateIcEE  c:\ProgramData\Mbed Studio\mbed-studio-tools\ac6\bin\..\lib\libcxx\libcpp_w.l(locale.cpp.o)
    0x00025f88   0x00000020   Data   RO         7153    .rodata._ZTVNSt3__17collateIwEE  c:\ProgramData\Mbed Studio\mbed-studio-tools\ac6\bin\..\lib\libcxx\libcpp_w.l(locale.cpp.o)
    0x00025fa8   0x00000040   Data   RO         7155    .rodata._ZTVNSt3__17num_getIcNS_19istreambuf_iteratorIcNS_11char_traitsIcEEEEEE  c:\ProgramData\Mbed Studio\mbed-studio-tools\ac6\bin\..\lib\libcxx\libcpp_w.l(locale.cpp.o)
    0x00025fe8   0x00000040   Data   RO         7157    .rodata._ZTVNSt3__17num_getIwNS_19istreambuf_iteratorIwNS_11char_traitsIwEEEEEE  c:\ProgramData\Mbed Studio\mbed-studio-tools\ac6\bin\..\lib\libcxx\libcpp_w.l(locale.cpp.o)
    0x00026028   0x00000034   Data   RO         7159    .rodata._ZTVNSt3__17num_putIcNS_19ostreambuf_iteratorIcNS_11char_traitsIcEEEEEE  c:\ProgramData\Mbed Studio\mbed-studio-tools\ac6\bin\..\lib\libcxx\libcpp_w.l(locale.cpp.o)
    0x0002605c   0x00000034   Data   RO         7161    .rodata._ZTVNSt3__17num_putIwNS_19ostreambuf_iteratorIwNS_11char_traitsIwEEEEEE  c:\ProgramData\Mbed Studio\mbed-studio-tools\ac6\bin\..\lib\libcxx\libcpp_w.l(locale.cpp.o)
    0x00026090   0x00000010   Data   RO         4435    .rodata._ZTVNSt3__18ios_baseE  c:\ProgramData\Mbed Studio\mbed-studio-tools\ac6\bin\..\lib\libcxx\libcpp_w.l(ios.cpp.o)
    0x000260a0   0x00000020   Data   RO         7199    .rodata._ZTVNSt3__18messagesIcEE  c:\ProgramData\Mbed Studio\mbed-studio-tools\ac6\bin\..\lib\libcxx\libcpp_w.l(locale.cpp.o)
    0x000260c0   0x00000020   Data   RO         7201    .rodata._ZTVNSt3__18messagesIwEE  c:\ProgramData\Mbed Studio\mbed-studio-tools\ac6\bin\..\lib\libcxx\libcpp_w.l(locale.cpp.o)
    0x000260e0   0x00000028   Data   RO         5938    .rodata._ZTVNSt3__18numpunctIcEE  c:\ProgramData\Mbed Studio\mbed-studio-tools\ac6\bin\..\lib\libcxx\libcpp_w.l(locale.cpp.o)
    0x00026108   0x00000028   Data   RO         5939    .rodata._ZTVNSt3__18numpunctIwEE  c:\ProgramData\Mbed Studio\mbed-studio-tools\ac6\bin\..\lib\libcxx\libcpp_w.l(locale.cpp.o)
    0x00026130   0x00000054   Data   RO         7163    .rodata._ZTVNSt3__18time_getIcNS_19istreambuf_iteratorIcNS_11char_traitsIcEEEEEE  c:\ProgramData\Mbed Studio\mbed-studio-tools\ac6\bin\..\lib\libcxx\libcpp_w.l(locale.cpp.o)
    0x00026184   0x00000054   Data   RO         7165    .rodata._ZTVNSt3__18time_getIwNS_19istreambuf_iteratorIwNS_11char_traitsIwEEEEEE  c:\ProgramData\Mbed Studio\mbed-studio-tools\ac6\bin\..\lib\libcxx\libcpp_w.l(locale.cpp.o)
    0x000261d8   0x00000018   Data   RO         7169    .rodata._ZTVNSt3__18time_putIcNS_19ostreambuf_iteratorIcNS_11char_traitsIcEEEEEE  c:\ProgramData\Mbed Studio\mbed-studio-tools\ac6\bin\..\lib\libcxx\libcpp_w.l(locale.cpp.o)
    0x000261f0   0x00000018   Data   RO         7171    .rodata._ZTVNSt3__18time_putIwNS_19ostreambuf_iteratorIwNS_11char_traitsIwEEEEEE  c:\ProgramData\Mbed Studio\mbed-studio-tools\ac6\bin\..\lib\libcxx\libcpp_w.l(locale.cpp.o)
    0x00026208   0x0000001c   Data   RO         7191    .rodata._ZTVNSt3__19money_getIcNS_19istreambuf_iteratorIcNS_11char_traitsIcEEEEEE  c:\ProgramData\Mbed Studio\mbed-studio-tools\ac6\bin\..\lib\libcxx\libcpp_w.l(locale.cpp.o)
    0x00026224   0x0000001c   Data   RO         7193    .rodata._ZTVNSt3__19money_getIwNS_19istreambuf_iteratorIwNS_11char_traitsIwEEEEEE  c:\ProgramData\Mbed Studio\mbed-studio-tools\ac6\bin\..\lib\libcxx\libcpp_w.l(locale.cpp.o)
    0x00026240   0x0000001c   Data   RO         7195    .rodata._ZTVNSt3__19money_putIcNS_19ostreambuf_iteratorIcNS_11char_traitsIcEEEEEE  c:\ProgramData\Mbed Studio\mbed-studio-tools\ac6\bin\..\lib\libcxx\libcpp_w.l(locale.cpp.o)
    0x0002625c   0x0000001c   Data   RO         7197    .rodata._ZTVNSt3__19money_putIwNS_19ostreambuf_iteratorIwNS_11char_traitsIwEEEEEE  c:\ProgramData\Mbed Studio\mbed-studio-tools\ac6\bin\..\lib\libcxx\libcpp_w.l(locale.cpp.o)
    0x00026278   0x00000018   Data   RO         2993    .rodata._ZZL15default_consolevE14console_pinmap  BUILD/LPC1768/ARMC6/mbed-os/platform/source/mbed_retarget.o
    0x00026290   0x00000400   Data   RO         5928    .rodata._ZZNSt3__15ctypeIcE13classic_tableEvE13builtin_table  c:\ProgramData\Mbed Studio\mbed-studio-tools\ac6\bin\..\lib\libcxx\libcpp_w.l(locale.cpp.o)
    0x00026690   0x00000008   Data   RO         2982    .rodata.__stderr_name  BUILD/LPC1768/ARMC6/mbed-os/platform/source/mbed_retarget.o
    0x00026698   0x00000007   Data   RO         2980    .rodata.__stdin_name  BUILD/LPC1768/ARMC6/mbed-os/platform/source/mbed_retarget.o
    0x0002669f   0x00000008   Data   RO         2981    .rodata.__stdout_name  BUILD/LPC1768/ARMC6/mbed-os/platform/source/mbed_retarget.o
    0x000266a7   0x00000001   PAD
    0x000266a8   0x00000030   Data   RO         5890    .rodata.cst16       c:\ProgramData\Mbed Studio\mbed-studio-tools\ac6\bin\..\lib\libcxx\libcpp_w.l(locale.cpp.o)
    0x000266d8   0x00000004   Data   RO         2518    .rodata.mbed_fault_context  BUILD/LPC1768/ARMC6/mbed-os/platform/source/TARGET_CORTEX_M/mbed_fault_handler.o
    0x000266dc   0x00000060   Data   RO         2747    .rodata.seconds_before_month  BUILD/LPC1768/ARMC6/mbed-os/platform/source/mbed_mktime.o
    0x0002673c   0x0000048f   Data   RO          123    .rodata.str1.1      BUILD/LPC1768/ARMC6/main.o
    0x00026bcb   0x000000c8   Data   RO         2519    .rodata.str1.1      BUILD/LPC1768/ARMC6/mbed-os/platform/source/TARGET_CORTEX_M/mbed_fault_handler.o
    0x00026c93   0x00000026   Data   RO         5198    .rodata.str1.1      c:\ProgramData\Mbed Studio\mbed-studio-tools\ac6\bin\..\lib\libcxx\libcpp_w.l(iostream.cpp.o)
    0x00026cb9   0x00000016   Data   RO         5886    .rodata.str1.1      c:\ProgramData\Mbed Studio\mbed-studio-tools\ac6\bin\..\lib\libcxx\libcpp_w.l(locale.cpp.o)
    0x00026ccf   0x00000001   PAD
    0x00026cd0   0x0000000b   Data   RO         5893    .rodata.str1.4      c:\ProgramData\Mbed Studio\mbed-studio-tools\ac6\bin\..\lib\libcxx\libcpp_w.l(locale.cpp.o)
    0x00026cdb   0x00000001   PAD
    0x00026cdc   0x0000001c   Data   RO         1752    .rodata.str2.2      BUILD/LPC1768/ARMC6/mbed-os/features/storage/filesystem/fat/ChaN/ff.o
    0x00026cf8   0x000002ae   Data   RO         1765    .rodata.str2.2      BUILD/LPC1768/ARMC6/mbed-os/features/storage/filesystem/fat/ChaN/ffunicode.o
    0x00026fa6   0x00000112   Data   RO         5940    .rodata.str2.2      c:\ProgramData\Mbed Studio\mbed-studio-tools\ac6\bin\..\lib\libcxx\libcpp_w.l(locale.cpp.o)
    0x000270b8   0x00000008   Data   RO         2040    .rodata.us_data     BUILD/LPC1768/ARMC6/mbed-os/hal/mbed_us_ticker_api.o
    0x000270c0   0x00000024   Data   RO         2043    .rodata.us_interface  BUILD/LPC1768/ARMC6/mbed-os/hal/mbed_us_ticker_api.o
    0x000270e4   0x00000008   Data   RO         3780    .rodata.us_ticker_get_info.info  BUILD/LPC1768/ARMC6/mbed-os/targets/TARGET_NXP/TARGET_LPC176X/us_ticker.o
    0x000270ec   0x00000020   Data   RO         8962    Region$$Table       anon$$obj.o
    0x0002710c   0x00000008   Data   RO         8859    c$$dinf             c:\ProgramData\Mbed Studio\mbed-studio-tools\ac6\bin\..\lib\armlib\fz_ws.l(fpconst.o)
    0x00027114   0x00000008   Data   RO         8862    c$$dmax             c:\ProgramData\Mbed Studio\mbed-studio-tools\ac6\bin\..\lib\armlib\fz_ws.l(fpconst.o)
    0x0002711c   0x00000110   Data   RO         8615    locale$$data        c:\ProgramData\Mbed Studio\mbed-studio-tools\ac6\bin\..\lib\armlib\c_w.l(lc_ctype_c.o)
    0x0002722c   0x00000180   Data   RO         8621    locale$$data        c:\ProgramData\Mbed Studio\mbed-studio-tools\ac6\bin\..\lib\armlib\c_w.l(lc_time_c.o)
    0x000273ac   0x0000001c   Data   RO         8837    locale$$data        c:\ProgramData\Mbed Studio\mbed-studio-tools\ac6\bin\..\lib\armlib\c_w.l(lc_numeric_c.o)
    0x000273c8   0x00000004   Data   RO          124    .init_array         BUILD/LPC1768/ARMC6/main.o
    0x000273cc   0x00000004   Data   RO         3942    .init_array         BUILD/LPC1768/ARMC6/modules/encoder/encoder.o
    0x000273d0   0x00000004   Data   RO         3978    .init_array         BUILD/LPC1768/ARMC6/modules/pwm/pwm.o
    0x000273d4   0x00000004   Data   RO         3997    .init_array         BUILD/LPC1768/ARMC6/modules/rcservo/rcservo.o
    0x000273d8   0x00000004   Data   RO         4044    .init_array         BUILD/LPC1768/ARMC6/modules/switch/switch.o
    0x000273dc   0x00000004   Data   RO         4061    .init_array         BUILD/LPC1768/ARMC6/modules/temperature/temperature.o
    0x000273e0   0x00000000   Data   RO         4299    .init_array         c:\ProgramData\Mbed Studio\mbed-studio-tools\ac6\bin\..\lib\armlib\c_w.l(init_aeabi.o)
    0x000273e0   0x00000004   Data   RO         4444    .init_array         c:\ProgramData\Mbed Studio\mbed-studio-tools\ac6\bin\..\lib\libcxx\libcpp_w.l(ios.cpp.o)
    0x000273e4   0x00000004   Data   RO         5199    .init_array         c:\ProgramData\Mbed Studio\mbed-studio-tools\ac6\bin\..\lib\libcxx\libcpp_w.l(iostream.cpp.o)
    0x000273e8   0x00000004   Data   RO         6097    .init_array         c:\ProgramData\Mbed Studio\mbed-studio-tools\ac6\bin\..\lib\libcxx\libcpp_w.l(locale.cpp.o)


    Execution Region RW_IRAM1 (Base: 0x100000c8, Size: 0x00001434, Max: 0x00007f18, ABSOLUTE)

    Base Addr    Size         Type   Attr      Idx    E Section Name        Object

    0x100000c8   0x00000004   Data   RW         4245    .data               c:\ProgramData\Mbed Studio\mbed-studio-tools\ac6\bin\..\lib\armlib\c_w.l(stdio_streams.o)
    0x100000cc   0x00000004   Data   RW         4246    .data               c:\ProgramData\Mbed Studio\mbed-studio-tools\ac6\bin\..\lib\armlib\c_w.l(stdio_streams.o)
    0x100000d0   0x00000004   Data   RW         4247    .data               c:\ProgramData\Mbed Studio\mbed-studio-tools\ac6\bin\..\lib\armlib\c_w.l(stdio_streams.o)
    0x100000d4   0x00000010   Data   RW         3029    .data..L_MergedGlobals  BUILD/LPC1768/ARMC6/mbed-os/platform/source/mbed_rtc_time.o
    0x100000e4   0x00000004   Data   RW         3512    .data.SystemCoreClock  BUILD/LPC1768/ARMC6/mbed-os/targets/TARGET_NXP/TARGET_LPC176X/device/system_LPC17xx.o
    0x100000e8   0x00000040   Data   RW         2992    .data._ZL11filehandles  BUILD/LPC1768/ARMC6/mbed-os/platform/source/mbed_retarget.o
    0x10000128   0x00000018   Data   RW          240    .data._ZZN19ArduinoJson6101_00011FloatTraitsIfLj4EE24negativeBinaryPowerOfTenEiE7factors  BUILD/LPC1768/ARMC6/main.o
    0x10000140   0x00000018   Data   RW          239    .data._ZZN19ArduinoJson6101_00011FloatTraitsIfLj4EE24positiveBinaryPowerOfTenEiE7factors  BUILD/LPC1768/ARMC6/main.o
    0x10000158   0x00000004   Data   RW         2041    .data.irq_handler   BUILD/LPC1768/ARMC6/mbed-os/hal/mbed_us_ticker_api.o
    0x1000015c   0x00000004   Zero   RW         4130    .bss                c:\ProgramData\Mbed Studio\mbed-studio-tools\ac6\bin\..\lib\armlib\c_w.l(rt_errno_addr.o)
    0x10000160   0x00000054   Zero   RW         4242    .bss                c:\ProgramData\Mbed Studio\mbed-studio-tools\ac6\bin\..\lib\armlib\c_w.l(stdio_streams.o)
    0x100001b4   0x00000054   Zero   RW         4243    .bss                c:\ProgramData\Mbed Studio\mbed-studio-tools\ac6\bin\..\lib\armlib\c_w.l(stdio_streams.o)
    0x10000208   0x00000054   Zero   RW         4244    .bss                c:\ProgramData\Mbed Studio\mbed-studio-tools\ac6\bin\..\lib\armlib\c_w.l(stdio_streams.o)
    0x1000025c   0x0000002c   Zero   RW         4291    .bss                c:\ProgramData\Mbed Studio\mbed-studio-tools\ac6\bin\..\lib\armlib\c_w.l(localtime.o)
    0x10000288   0x00000004   Zero   RW         7650    .bss                c:\ProgramData\Mbed Studio\mbed-studio-tools\ac6\bin\..\lib\armlib\c_w.l(rt_heap_descriptor.o)
    0x1000028c   0x00000014   Zero   RW         8519    .bss                c:\ProgramData\Mbed Studio\mbed-studio-tools\ac6\bin\..\lib\armlib\c_w.l(rt_locale.o)
    0x100002a0   0x00000008   Zero   RW           50    .bss..L_MergedGlobals  BUILD/LPC1768/ARMC6/MODDMA/MODDMA.o
    0x100002a8   0x00000074   Zero   RW          126    .bss..L_MergedGlobals  BUILD/LPC1768/ARMC6/main.o
    0x1000031c   0x00000018   Zero   RW          890    .bss..L_MergedGlobals  BUILD/LPC1768/ARMC6/mbed-os/drivers/source/SPI.o
    0x10000334   0x00000014   Zero   RW         1755    .bss..L_MergedGlobals  BUILD/LPC1768/ARMC6/mbed-os/features/storage/filesystem/fat/ChaN/ff.o
    0x10000348   0x00000002   Zero   RW         1930    .bss..L_MergedGlobals  BUILD/LPC1768/ARMC6/mbed-os/hal/mbed_critical_section_api.o
    0x1000034a   0x00000002   PAD
    0x1000034c   0x00000010   Zero   RW         2185    .bss..L_MergedGlobals  BUILD/LPC1768/ARMC6/mbed-os/platform/source/FileBase.o
    0x1000035c   0x00000070   Zero   RW         2696    .bss..L_MergedGlobals  BUILD/LPC1768/ARMC6/mbed-os/platform/source/mbed_error.o
    0x100003cc   0x00000004   PAD
    0x100003d0   0x00000048   Zero   RW         2770    .bss..L_MergedGlobals  BUILD/LPC1768/ARMC6/mbed-os/platform/source/mbed_os_timer.o
    0x10000418   0x00000028   Zero   RW         2995    .bss..L_MergedGlobals  BUILD/LPC1768/ARMC6/mbed-os/platform/source/mbed_retarget.o
    0x10000440   0x00000008   Zero   RW         3051    .bss..L_MergedGlobals  BUILD/LPC1768/ARMC6/mbed-os/platform/source/mbed_sdk_boot.o
    0x10000448   0x00000010   Zero   RW         3713    .bss..L_MergedGlobals  BUILD/LPC1768/ARMC6/mbed-os/targets/TARGET_NXP/TARGET_LPC176X/serial_api.o
    0x10000458   0x00000078   Zero   RW          127    .bss..L_MergedGlobals.139  BUILD/LPC1768/ARMC6/main.o
    0x100004d0   0x00000004   Zero   RW          238    .bss._ZGVZN4mbed8Watchdog12get_instanceEvE8instance  BUILD/LPC1768/ARMC6/main.o
    0x100004d4   0x00000004   Zero   RW         5960    .bss._ZGVZNKSt3__120__time_get_c_storageIcE3__XEvE1s  c:\ProgramData\Mbed Studio\mbed-studio-tools\ac6\bin\..\lib\libcxx\libcpp_w.l(locale.cpp.o)
    0x100004d8   0x00000004   Zero   RW         5964    .bss._ZGVZNKSt3__120__time_get_c_storageIcE3__cEvE1s  c:\ProgramData\Mbed Studio\mbed-studio-tools\ac6\bin\..\lib\libcxx\libcpp_w.l(locale.cpp.o)
    0x100004dc   0x00000004   Zero   RW         5968    .bss._ZGVZNKSt3__120__time_get_c_storageIcE3__rEvE1s  c:\ProgramData\Mbed Studio\mbed-studio-tools\ac6\bin\..\lib\libcxx\libcpp_w.l(locale.cpp.o)
    0x100004e0   0x00000004   Zero   RW         5956    .bss._ZGVZNKSt3__120__time_get_c_storageIcE3__xEvE1s  c:\ProgramData\Mbed Studio\mbed-studio-tools\ac6\bin\..\lib\libcxx\libcpp_w.l(locale.cpp.o)
    0x100004e4   0x00000004   Zero   RW         5952    .bss._ZGVZNKSt3__120__time_get_c_storageIcE7__am_pmEvE5am_pm  c:\ProgramData\Mbed Studio\mbed-studio-tools\ac6\bin\..\lib\libcxx\libcpp_w.l(locale.cpp.o)
    0x100004e8   0x00000004   Zero   RW         5944    .bss._ZGVZNKSt3__120__time_get_c_storageIcE7__weeksEvE5weeks  c:\ProgramData\Mbed Studio\mbed-studio-tools\ac6\bin\..\lib\libcxx\libcpp_w.l(locale.cpp.o)
    0x100004ec   0x00000004   Zero   RW         5948    .bss._ZGVZNKSt3__120__time_get_c_storageIcE8__monthsEvE6months  c:\ProgramData\Mbed Studio\mbed-studio-tools\ac6\bin\..\lib\libcxx\libcpp_w.l(locale.cpp.o)
    0x100004f0   0x00000004   Zero   RW         5962    .bss._ZGVZNKSt3__120__time_get_c_storageIwE3__XEvE1s  c:\ProgramData\Mbed Studio\mbed-studio-tools\ac6\bin\..\lib\libcxx\libcpp_w.l(locale.cpp.o)
    0x100004f4   0x00000004   Zero   RW         5966    .bss._ZGVZNKSt3__120__time_get_c_storageIwE3__cEvE1s  c:\ProgramData\Mbed Studio\mbed-studio-tools\ac6\bin\..\lib\libcxx\libcpp_w.l(locale.cpp.o)
    0x100004f8   0x00000004   Zero   RW         5970    .bss._ZGVZNKSt3__120__time_get_c_storageIwE3__rEvE1s  c:\ProgramData\Mbed Studio\mbed-studio-tools\ac6\bin\..\lib\libcxx\libcpp_w.l(locale.cpp.o)
    0x100004fc   0x00000004   Zero   RW         5958    .bss._ZGVZNKSt3__120__time_get_c_storageIwE3__xEvE1s  c:\ProgramData\Mbed Studio\mbed-studio-tools\ac6\bin\..\lib\libcxx\libcpp_w.l(locale.cpp.o)
    0x10000500   0x00000004   Zero   RW         5954    .bss._ZGVZNKSt3__120__time_get_c_storageIwE7__am_pmEvE5am_pm  c:\ProgramData\Mbed Studio\mbed-studio-tools\ac6\bin\..\lib\libcxx\libcpp_w.l(locale.cpp.o)
    0x10000504   0x00000004   Zero   RW         5946    .bss._ZGVZNKSt3__120__time_get_c_storageIwE7__weeksEvE5weeks  c:\ProgramData\Mbed Studio\mbed-studio-tools\ac6\bin\..\lib\libcxx\libcpp_w.l(locale.cpp.o)
    0x10000508   0x00000004   Zero   RW         5950    .bss._ZGVZNKSt3__120__time_get_c_storageIwE8__monthsEvE6months  c:\ProgramData\Mbed Studio\mbed-studio-tools\ac6\bin\..\lib\libcxx\libcpp_w.l(locale.cpp.o)
    0x1000050c   0x00000004   Zero   RW         5894    .bss._ZGVZNSt3__16__clocEvE6result  c:\ProgramData\Mbed Studio\mbed-studio-tools\ac6\bin\..\lib\libcxx\libcpp_w.l(locale.cpp.o)
    0x10000510   0x00000004   Zero   RW         5906    .bss._ZGVZNSt3__16locale7classicEvE1c  c:\ProgramData\Mbed Studio\mbed-studio-tools\ac6\bin\..\lib\libcxx\libcpp_w.l(locale.cpp.o)
    0x10000514   0x00000004   Zero   RW         5909    .bss._ZGVZNSt3__16locale8__globalEvE1g  c:\ProgramData\Mbed Studio\mbed-studio-tools\ac6\bin\..\lib\libcxx\libcpp_w.l(locale.cpp.o)
    0x10000518   0x00000004   Zero   RW         5197    .bss._ZGVZNSt3__18ios_base4InitC1EvE16init_the_streams  c:\ProgramData\Mbed Studio\mbed-studio-tools\ac6\bin\..\lib\libcxx\libcpp_w.l(iostream.cpp.o)
    0x1000051c   0x00000004   Zero   RW         6065    .bss._ZGVZNSt3__1L10init_am_pmEvE5am_pm  c:\ProgramData\Mbed Studio\mbed-studio-tools\ac6\bin\..\lib\libcxx\libcpp_w.l(locale.cpp.o)
    0x10000520   0x00000004   Zero   RW         6057    .bss._ZGVZNSt3__1L10init_weeksEvE5weeks  c:\ProgramData\Mbed Studio\mbed-studio-tools\ac6\bin\..\lib\libcxx\libcpp_w.l(locale.cpp.o)
    0x10000524   0x00000004   Zero   RW         6061    .bss._ZGVZNSt3__1L11init_monthsEvE6months  c:\ProgramData\Mbed Studio\mbed-studio-tools\ac6\bin\..\lib\libcxx\libcpp_w.l(locale.cpp.o)
    0x10000528   0x00000004   Zero   RW         6067    .bss._ZGVZNSt3__1L11init_wam_pmEvE5am_pm  c:\ProgramData\Mbed Studio\mbed-studio-tools\ac6\bin\..\lib\libcxx\libcpp_w.l(locale.cpp.o)
    0x1000052c   0x00000004   Zero   RW         6059    .bss._ZGVZNSt3__1L11init_wweeksEvE5weeks  c:\ProgramData\Mbed Studio\mbed-studio-tools\ac6\bin\..\lib\libcxx\libcpp_w.l(locale.cpp.o)
    0x10000530   0x00000004   Zero   RW         6063    .bss._ZGVZNSt3__1L12init_wmonthsEvE6months  c:\ProgramData\Mbed Studio\mbed-studio-tools\ac6\bin\..\lib\libcxx\libcpp_w.l(locale.cpp.o)
    0x10000534   0x00000020   Zero   RW           15    .bss._ZL13channel_usage  BUILD/LPC1768/ARMC6/FastAnalogIn/FastAnalogIn_LPC1768.o
    0x10000554   0x00000008   Zero   RW         2991    .bss._ZL16filehandle_mutex  BUILD/LPC1768/ARMC6/mbed-os/platform/source/mbed_retarget.o
    0x1000055c   0x00000008   Zero   RW         3028    .bss._ZL6_mutex     BUILD/LPC1768/ARMC6/mbed-os/platform/source/mbed_rtc_time.o
    0x10000564   0x00000001   Zero   RW         1751    .bss._ZL7CurrVol    BUILD/LPC1768/ARMC6/mbed-os/features/storage/filesystem/fat/ChaN/ff.o
    0x10000565   0x00000003   PAD
    0x10000568   0x00000008   Zero   RW          681    .bss._ZN4mbed3I2C6_mutexE  BUILD/LPC1768/ARMC6/mbed-os/drivers/source/I2C.o
    0x10000570   0x00000004   Zero   RW          680    .bss._ZN4mbed3I2C6_ownerE  BUILD/LPC1768/ARMC6/mbed-os/drivers/source/I2C.o
    0x10000574   0x00000008   Zero   RW         1858    .bss._ZN4mbedL10_ffs_mutexE  BUILD/LPC1768/ARMC6/mbed-os/features/storage/filesystem/fat/FATFileSystem.o
    0x1000057c   0x00000010   Zero   RW         1856    .bss._ZN4mbedL4_ffsE  BUILD/LPC1768/ARMC6/mbed-os/features/storage/filesystem/fat/FATFileSystem.o
    0x1000058c   0x00000080   Zero   RW         4107    .bss._ZN9Interrupt14ISRVectorTableE  BUILD/LPC1768/ARMC6/thread/interrupt.o
    0x1000060c   0x00000008   Zero   RW         7176    .bss._ZNSt3__110moneypunctIcLb0EE2idE  c:\ProgramData\Mbed Studio\mbed-studio-tools\ac6\bin\..\lib\libcxx\libcpp_w.l(locale.cpp.o)
    0x10000614   0x00000008   Zero   RW         7179    .bss._ZNSt3__110moneypunctIcLb1EE2idE  c:\ProgramData\Mbed Studio\mbed-studio-tools\ac6\bin\..\lib\libcxx\libcpp_w.l(locale.cpp.o)
    0x1000061c   0x00000008   Zero   RW         7182    .bss._ZNSt3__110moneypunctIwLb0EE2idE  c:\ProgramData\Mbed Studio\mbed-studio-tools\ac6\bin\..\lib\libcxx\libcpp_w.l(locale.cpp.o)
    0x10000624   0x00000008   Zero   RW         7185    .bss._ZNSt3__110moneypunctIwLb1EE2idE  c:\ProgramData\Mbed Studio\mbed-studio-tools\ac6\bin\..\lib\libcxx\libcpp_w.l(locale.cpp.o)
    0x1000062c   0x00000058   Zero   RW         5176    .bss._ZNSt3__13cinE  c:\ProgramData\Mbed Studio\mbed-studio-tools\ac6\bin\..\lib\libcxx\libcpp_w.l(iostream.cpp.o)
    0x10000684   0x00000054   Zero   RW         5180    .bss._ZNSt3__14cerrE  c:\ProgramData\Mbed Studio\mbed-studio-tools\ac6\bin\..\lib\libcxx\libcpp_w.l(iostream.cpp.o)
    0x100006d8   0x00000054   Zero   RW         5182    .bss._ZNSt3__14clogE  c:\ProgramData\Mbed Studio\mbed-studio-tools\ac6\bin\..\lib\libcxx\libcpp_w.l(iostream.cpp.o)
    0x1000072c   0x00000054   Zero   RW         5178    .bss._ZNSt3__14coutE  c:\ProgramData\Mbed Studio\mbed-studio-tools\ac6\bin\..\lib\libcxx\libcpp_w.l(iostream.cpp.o)
    0x10000780   0x00000058   Zero   RW         5177    .bss._ZNSt3__14wcinE  c:\ProgramData\Mbed Studio\mbed-studio-tools\ac6\bin\..\lib\libcxx\libcpp_w.l(iostream.cpp.o)
    0x100007d8   0x00000008   Zero   RW         5926    .bss._ZNSt3__15ctypeIcE2idE  c:\ProgramData\Mbed Studio\mbed-studio-tools\ac6\bin\..\lib\libcxx\libcpp_w.l(locale.cpp.o)
    0x100007e0   0x00000008   Zero   RW         5925    .bss._ZNSt3__15ctypeIwE2idE  c:\ProgramData\Mbed Studio\mbed-studio-tools\ac6\bin\..\lib\libcxx\libcpp_w.l(locale.cpp.o)
    0x100007e8   0x00000054   Zero   RW         5181    .bss._ZNSt3__15wcerrE  c:\ProgramData\Mbed Studio\mbed-studio-tools\ac6\bin\..\lib\libcxx\libcpp_w.l(iostream.cpp.o)
    0x1000083c   0x00000054   Zero   RW         5183    .bss._ZNSt3__15wclogE  c:\ProgramData\Mbed Studio\mbed-studio-tools\ac6\bin\..\lib\libcxx\libcpp_w.l(iostream.cpp.o)
    0x10000890   0x00000054   Zero   RW         5179    .bss._ZNSt3__15wcoutE  c:\ProgramData\Mbed Studio\mbed-studio-tools\ac6\bin\..\lib\libcxx\libcpp_w.l(iostream.cpp.o)
    0x100008e4   0x00000004   Zero   RW         5910    .bss._ZNSt3__16locale2id9__next_idE  c:\ProgramData\Mbed Studio\mbed-studio-tools\ac6\bin\..\lib\libcxx\libcpp_w.l(locale.cpp.o)
    0x100008e8   0x00000008   Zero   RW         5935    .bss._ZNSt3__17codecvtIDicSt11__mbstate_tE2idE  c:\ProgramData\Mbed Studio\mbed-studio-tools\ac6\bin\..\lib\libcxx\libcpp_w.l(locale.cpp.o)
    0x100008f0   0x00000008   Zero   RW         5934    .bss._ZNSt3__17codecvtIDscSt11__mbstate_tE2idE  c:\ProgramData\Mbed Studio\mbed-studio-tools\ac6\bin\..\lib\libcxx\libcpp_w.l(locale.cpp.o)
    0x100008f8   0x00000008   Zero   RW         5931    .bss._ZNSt3__17codecvtIccSt11__mbstate_tE2idE  c:\ProgramData\Mbed Studio\mbed-studio-tools\ac6\bin\..\lib\libcxx\libcpp_w.l(locale.cpp.o)
    0x10000900   0x00000008   Zero   RW         5932    .bss._ZNSt3__17codecvtIwcSt11__mbstate_tE2idE  c:\ProgramData\Mbed Studio\mbed-studio-tools\ac6\bin\..\lib\libcxx\libcpp_w.l(locale.cpp.o)
    0x10000908   0x00000008   Zero   RW         7152    .bss._ZNSt3__17collateIcE2idE  c:\ProgramData\Mbed Studio\mbed-studio-tools\ac6\bin\..\lib\libcxx\libcpp_w.l(locale.cpp.o)
    0x10000910   0x00000008   Zero   RW         7154    .bss._ZNSt3__17collateIwE2idE  c:\ProgramData\Mbed Studio\mbed-studio-tools\ac6\bin\..\lib\libcxx\libcpp_w.l(locale.cpp.o)
    0x10000918   0x00000008   Zero   RW         7156    .bss._ZNSt3__17num_getIcNS_19istreambuf_iteratorIcNS_11char_traitsIcEEEEE2idE  c:\ProgramData\Mbed Studio\mbed-studio-tools\ac6\bin\..\lib\libcxx\libcpp_w.l(locale.cpp.o)
    0x10000920   0x00000008   Zero   RW         7158    .bss._ZNSt3__17num_getIwNS_19istreambuf_iteratorIwNS_11char_traitsIwEEEEE2idE  c:\ProgramData\Mbed Studio\mbed-studio-tools\ac6\bin\..\lib\libcxx\libcpp_w.l(locale.cpp.o)
    0x10000928   0x00000008   Zero   RW         7160    .bss._ZNSt3__17num_putIcNS_19ostreambuf_iteratorIcNS_11char_traitsIcEEEEE2idE  c:\ProgramData\Mbed Studio\mbed-studio-tools\ac6\bin\..\lib\libcxx\libcpp_w.l(locale.cpp.o)
    0x10000930   0x00000008   Zero   RW         7162    .bss._ZNSt3__17num_putIwNS_19ostreambuf_iteratorIwNS_11char_traitsIwEEEEE2idE  c:\ProgramData\Mbed Studio\mbed-studio-tools\ac6\bin\..\lib\libcxx\libcpp_w.l(locale.cpp.o)
    0x10000938   0x00000008   Zero   RW         7200    .bss._ZNSt3__18messagesIcE2idE  c:\ProgramData\Mbed Studio\mbed-studio-tools\ac6\bin\..\lib\libcxx\libcpp_w.l(locale.cpp.o)
    0x10000940   0x00000008   Zero   RW         7202    .bss._ZNSt3__18messagesIwE2idE  c:\ProgramData\Mbed Studio\mbed-studio-tools\ac6\bin\..\lib\libcxx\libcpp_w.l(locale.cpp.o)
    0x10000948   0x00000008   Zero   RW         5936    .bss._ZNSt3__18numpunctIcE2idE  c:\ProgramData\Mbed Studio\mbed-studio-tools\ac6\bin\..\lib\libcxx\libcpp_w.l(locale.cpp.o)
    0x10000950   0x00000008   Zero   RW         5937    .bss._ZNSt3__18numpunctIwE2idE  c:\ProgramData\Mbed Studio\mbed-studio-tools\ac6\bin\..\lib\libcxx\libcpp_w.l(locale.cpp.o)
    0x10000958   0x00000008   Zero   RW         7164    .bss._ZNSt3__18time_getIcNS_19istreambuf_iteratorIcNS_11char_traitsIcEEEEE2idE  c:\ProgramData\Mbed Studio\mbed-studio-tools\ac6\bin\..\lib\libcxx\libcpp_w.l(locale.cpp.o)
    0x10000960   0x00000008   Zero   RW         7166    .bss._ZNSt3__18time_getIwNS_19istreambuf_iteratorIwNS_11char_traitsIwEEEEE2idE  c:\ProgramData\Mbed Studio\mbed-studio-tools\ac6\bin\..\lib\libcxx\libcpp_w.l(locale.cpp.o)
    0x10000968   0x00000008   Zero   RW         7170    .bss._ZNSt3__18time_putIcNS_19ostreambuf_iteratorIcNS_11char_traitsIcEEEEE2idE  c:\ProgramData\Mbed Studio\mbed-studio-tools\ac6\bin\..\lib\libcxx\libcpp_w.l(locale.cpp.o)
    0x10000970   0x00000008   Zero   RW         7172    .bss._ZNSt3__18time_putIwNS_19ostreambuf_iteratorIwNS_11char_traitsIwEEEEE2idE  c:\ProgramData\Mbed Studio\mbed-studio-tools\ac6\bin\..\lib\libcxx\libcpp_w.l(locale.cpp.o)
    0x10000978   0x00000008   Zero   RW         7192    .bss._ZNSt3__19money_getIcNS_19istreambuf_iteratorIcNS_11char_traitsIcEEEEE2idE  c:\ProgramData\Mbed Studio\mbed-studio-tools\ac6\bin\..\lib\libcxx\libcpp_w.l(locale.cpp.o)
    0x10000980   0x00000008   Zero   RW         7194    .bss._ZNSt3__19money_getIwNS_19istreambuf_iteratorIwNS_11char_traitsIwEEEEE2idE  c:\ProgramData\Mbed Studio\mbed-studio-tools\ac6\bin\..\lib\libcxx\libcpp_w.l(locale.cpp.o)
    0x10000988   0x00000008   Zero   RW         7196    .bss._ZNSt3__19money_putIcNS_19ostreambuf_iteratorIcNS_11char_traitsIcEEEEE2idE  c:\ProgramData\Mbed Studio\mbed-studio-tools\ac6\bin\..\lib\libcxx\libcpp_w.l(locale.cpp.o)
    0x10000990   0x00000008   Zero   RW         7198    .bss._ZNSt3__19money_putIwNS_19ostreambuf_iteratorIwNS_11char_traitsIwEEEEE2idE  c:\ProgramData\Mbed Studio\mbed-studio-tools\ac6\bin\..\lib\libcxx\libcpp_w.l(locale.cpp.o)
    0x10000998   0x00000001   Zero   RW         3940    .bss._ZNSt3__1L19__start_std_streamsE  BUILD/LPC1768/ARMC6/modules/encoder/encoder.o
    0x10000999   0x00000001   Zero   RW         3976    .bss._ZNSt3__1L19__start_std_streamsE  BUILD/LPC1768/ARMC6/modules/pwm/pwm.o
    0x1000099a   0x00000001   Zero   RW         3995    .bss._ZNSt3__1L19__start_std_streamsE  BUILD/LPC1768/ARMC6/modules/rcservo/rcservo.o
    0x1000099b   0x00000001   Zero   RW         4042    .bss._ZNSt3__1L19__start_std_streamsE  BUILD/LPC1768/ARMC6/modules/switch/switch.o
    0x1000099c   0x00000001   Zero   RW         4059    .bss._ZNSt3__1L19__start_std_streamsE  BUILD/LPC1768/ARMC6/modules/temperature/temperature.o
    0x1000099d   0x00000001   Zero   RW         4399    .bss._ZNSt3__1L19__start_std_streamsE  c:\ProgramData\Mbed Studio\mbed-studio-tools\ac6\bin\..\lib\libcxx\libcpp_w.l(ios.cpp.o)
    0x1000099e   0x00000001   Zero   RW         5175    .bss._ZNSt3__1L19__start_std_streamsE  c:\ProgramData\Mbed Studio\mbed-studio-tools\ac6\bin\..\lib\libcxx\libcpp_w.l(iostream.cpp.o)
    0x1000099f   0x00000001   Zero   RW         5884    .bss._ZNSt3__1L19__start_std_streamsE  c:\ProgramData\Mbed Studio\mbed-studio-tools\ac6\bin\..\lib\libcxx\libcpp_w.l(locale.cpp.o)
    0x100009a0   0x00000038   Zero   RW         5184    .bss._ZNSt3__1L5__cinE  c:\ProgramData\Mbed Studio\mbed-studio-tools\ac6\bin\..\lib\libcxx\libcpp_w.l(iostream.cpp.o)
    0x100009d8   0x00000030   Zero   RW         5192    .bss._ZNSt3__1L6__cerrE  c:\ProgramData\Mbed Studio\mbed-studio-tools\ac6\bin\..\lib\libcxx\libcpp_w.l(iostream.cpp.o)
    0x10000a08   0x00000030   Zero   RW         5188    .bss._ZNSt3__1L6__coutE  c:\ProgramData\Mbed Studio\mbed-studio-tools\ac6\bin\..\lib\libcxx\libcpp_w.l(iostream.cpp.o)
    0x10000a38   0x00000038   Zero   RW         5186    .bss._ZNSt3__1L6__wcinE  c:\ProgramData\Mbed Studio\mbed-studio-tools\ac6\bin\..\lib\libcxx\libcpp_w.l(iostream.cpp.o)
    0x10000a70   0x00000008   Zero   RW         5185    .bss._ZNSt3__1L6mb_cinE  c:\ProgramData\Mbed Studio\mbed-studio-tools\ac6\bin\..\lib\libcxx\libcpp_w.l(iostream.cpp.o)
    0x10000a78   0x00000030   Zero   RW         5194    .bss._ZNSt3__1L7__wcerrE  c:\ProgramData\Mbed Studio\mbed-studio-tools\ac6\bin\..\lib\libcxx\libcpp_w.l(iostream.cpp.o)
    0x10000aa8   0x00000030   Zero   RW         5190    .bss._ZNSt3__1L7__wcoutE  c:\ProgramData\Mbed Studio\mbed-studio-tools\ac6\bin\..\lib\libcxx\libcpp_w.l(iostream.cpp.o)
    0x10000ad8   0x00000008   Zero   RW         5193    .bss._ZNSt3__1L7mb_cerrE  c:\ProgramData\Mbed Studio\mbed-studio-tools\ac6\bin\..\lib\libcxx\libcpp_w.l(iostream.cpp.o)
    0x10000ae0   0x00000008   Zero   RW         5189    .bss._ZNSt3__1L7mb_coutE  c:\ProgramData\Mbed Studio\mbed-studio-tools\ac6\bin\..\lib\libcxx\libcpp_w.l(iostream.cpp.o)
    0x10000ae8   0x00000008   Zero   RW         5187    .bss._ZNSt3__1L7mb_wcinE  c:\ProgramData\Mbed Studio\mbed-studio-tools\ac6\bin\..\lib\libcxx\libcpp_w.l(iostream.cpp.o)
    0x10000af0   0x00000008   Zero   RW         5195    .bss._ZNSt3__1L8mb_wcerrE  c:\ProgramData\Mbed Studio\mbed-studio-tools\ac6\bin\..\lib\libcxx\libcpp_w.l(iostream.cpp.o)
    0x10000af8   0x00000008   Zero   RW         5191    .bss._ZNSt3__1L8mb_wcoutE  c:\ProgramData\Mbed Studio\mbed-studio-tools\ac6\bin\..\lib\libcxx\libcpp_w.l(iostream.cpp.o)
    0x10000b00   0x00000001   Zero   RW          237    .bss._ZZN4mbed8Watchdog12get_instanceEvE8instance  BUILD/LPC1768/ARMC6/main.o
    0x10000b01   0x00000003   PAD
    0x10000b04   0x0000000c   Zero   RW         5959    .bss._ZZNKSt3__120__time_get_c_storageIcE3__XEvE1s  c:\ProgramData\Mbed Studio\mbed-studio-tools\ac6\bin\..\lib\libcxx\libcpp_w.l(locale.cpp.o)
    0x10000b10   0x0000000c   Zero   RW         5963    .bss._ZZNKSt3__120__time_get_c_storageIcE3__cEvE1s  c:\ProgramData\Mbed Studio\mbed-studio-tools\ac6\bin\..\lib\libcxx\libcpp_w.l(locale.cpp.o)
    0x10000b1c   0x0000000c   Zero   RW         5967    .bss._ZZNKSt3__120__time_get_c_storageIcE3__rEvE1s  c:\ProgramData\Mbed Studio\mbed-studio-tools\ac6\bin\..\lib\libcxx\libcpp_w.l(locale.cpp.o)
    0x10000b28   0x0000000c   Zero   RW         5955    .bss._ZZNKSt3__120__time_get_c_storageIcE3__xEvE1s  c:\ProgramData\Mbed Studio\mbed-studio-tools\ac6\bin\..\lib\libcxx\libcpp_w.l(locale.cpp.o)
    0x10000b34   0x00000004   Zero   RW         5951    .bss._ZZNKSt3__120__time_get_c_storageIcE7__am_pmEvE5am_pm  c:\ProgramData\Mbed Studio\mbed-studio-tools\ac6\bin\..\lib\libcxx\libcpp_w.l(locale.cpp.o)
    0x10000b38   0x00000004   Zero   RW         5943    .bss._ZZNKSt3__120__time_get_c_storageIcE7__weeksEvE5weeks  c:\ProgramData\Mbed Studio\mbed-studio-tools\ac6\bin\..\lib\libcxx\libcpp_w.l(locale.cpp.o)
    0x10000b3c   0x00000004   Zero   RW         5947    .bss._ZZNKSt3__120__time_get_c_storageIcE8__monthsEvE6months  c:\ProgramData\Mbed Studio\mbed-studio-tools\ac6\bin\..\lib\libcxx\libcpp_w.l(locale.cpp.o)
    0x10000b40   0x0000000c   Zero   RW         5961    .bss._ZZNKSt3__120__time_get_c_storageIwE3__XEvE1s  c:\ProgramData\Mbed Studio\mbed-studio-tools\ac6\bin\..\lib\libcxx\libcpp_w.l(locale.cpp.o)
    0x10000b4c   0x0000000c   Zero   RW         5965    .bss._ZZNKSt3__120__time_get_c_storageIwE3__cEvE1s  c:\ProgramData\Mbed Studio\mbed-studio-tools\ac6\bin\..\lib\libcxx\libcpp_w.l(locale.cpp.o)
    0x10000b58   0x0000000c   Zero   RW         5969    .bss._ZZNKSt3__120__time_get_c_storageIwE3__rEvE1s  c:\ProgramData\Mbed Studio\mbed-studio-tools\ac6\bin\..\lib\libcxx\libcpp_w.l(locale.cpp.o)
    0x10000b64   0x0000000c   Zero   RW         5957    .bss._ZZNKSt3__120__time_get_c_storageIwE3__xEvE1s  c:\ProgramData\Mbed Studio\mbed-studio-tools\ac6\bin\..\lib\libcxx\libcpp_w.l(locale.cpp.o)
    0x10000b70   0x00000004   Zero   RW         5953    .bss._ZZNKSt3__120__time_get_c_storageIwE7__am_pmEvE5am_pm  c:\ProgramData\Mbed Studio\mbed-studio-tools\ac6\bin\..\lib\libcxx\libcpp_w.l(locale.cpp.o)
    0x10000b74   0x00000004   Zero   RW         5945    .bss._ZZNKSt3__120__time_get_c_storageIwE7__weeksEvE5weeks  c:\ProgramData\Mbed Studio\mbed-studio-tools\ac6\bin\..\lib\libcxx\libcpp_w.l(locale.cpp.o)
    0x10000b78   0x00000004   Zero   RW         5949    .bss._ZZNKSt3__120__time_get_c_storageIwE8__monthsEvE6months  c:\ProgramData\Mbed Studio\mbed-studio-tools\ac6\bin\..\lib\libcxx\libcpp_w.l(locale.cpp.o)
    0x10000b7c   0x00000004   PAD
    0x10000b80   0x00000008   Zero   RW         6082    .bss._ZZNSt3__112_GLOBAL__N_14makeINS_10moneypunctIcLb0EEEjEERT_T0_E3buf  c:\ProgramData\Mbed Studio\mbed-studio-tools\ac6\bin\..\lib\libcxx\libcpp_w.l(locale.cpp.o)
    0x10000b88   0x00000008   Zero   RW         6083    .bss._ZZNSt3__112_GLOBAL__N_14makeINS_10moneypunctIcLb1EEEjEERT_T0_E3buf  c:\ProgramData\Mbed Studio\mbed-studio-tools\ac6\bin\..\lib\libcxx\libcpp_w.l(locale.cpp.o)
    0x10000b90   0x00000008   Zero   RW         6084    .bss._ZZNSt3__112_GLOBAL__N_14makeINS_10moneypunctIwLb0EEEjEERT_T0_E3buf  c:\ProgramData\Mbed Studio\mbed-studio-tools\ac6\bin\..\lib\libcxx\libcpp_w.l(locale.cpp.o)
    0x10000b98   0x00000008   Zero   RW         6085    .bss._ZZNSt3__112_GLOBAL__N_14makeINS_10moneypunctIwLb1EEEjEERT_T0_E3buf  c:\ProgramData\Mbed Studio\mbed-studio-tools\ac6\bin\..\lib\libcxx\libcpp_w.l(locale.cpp.o)
    0x10000ba0   0x00000010   Zero   RW         6070    .bss._ZZNSt3__112_GLOBAL__N_14makeINS_5ctypeIcEEDnbjEERT_T0_T1_T2_E3buf  c:\ProgramData\Mbed Studio\mbed-studio-tools\ac6\bin\..\lib\libcxx\libcpp_w.l(locale.cpp.o)
    0x10000bb0   0x00000008   Zero   RW         6071    .bss._ZZNSt3__112_GLOBAL__N_14makeINS_5ctypeIwEEjEERT_T0_E3buf  c:\ProgramData\Mbed Studio\mbed-studio-tools\ac6\bin\..\lib\libcxx\libcpp_w.l(locale.cpp.o)
    0x10000bb8   0x000000a0   Zero   RW         6096    .bss._ZZNSt3__112_GLOBAL__N_14makeINS_6locale5__impEjEERT_T0_E3buf  c:\ProgramData\Mbed Studio\mbed-studio-tools\ac6\bin\..\lib\libcxx\libcpp_w.l(locale.cpp.o)
    0x10000c58   0x00000008   Zero   RW         6075    .bss._ZZNSt3__112_GLOBAL__N_14makeINS_7codecvtIDicSt11__mbstate_tEEjEERT_T0_E3buf  c:\ProgramData\Mbed Studio\mbed-studio-tools\ac6\bin\..\lib\libcxx\libcpp_w.l(locale.cpp.o)
    0x10000c60   0x00000008   Zero   RW         6074    .bss._ZZNSt3__112_GLOBAL__N_14makeINS_7codecvtIDscSt11__mbstate_tEEjEERT_T0_E3buf  c:\ProgramData\Mbed Studio\mbed-studio-tools\ac6\bin\..\lib\libcxx\libcpp_w.l(locale.cpp.o)
    0x10000c68   0x00000008   Zero   RW         6072    .bss._ZZNSt3__112_GLOBAL__N_14makeINS_7codecvtIccSt11__mbstate_tEEjEERT_T0_E3buf  c:\ProgramData\Mbed Studio\mbed-studio-tools\ac6\bin\..\lib\libcxx\libcpp_w.l(locale.cpp.o)
    0x10000c70   0x00000010   Zero   RW         6073    .bss._ZZNSt3__112_GLOBAL__N_14makeINS_7codecvtIwcSt11__mbstate_tEEjEERT_T0_E3buf  c:\ProgramData\Mbed Studio\mbed-studio-tools\ac6\bin\..\lib\libcxx\libcpp_w.l(locale.cpp.o)
    0x10000c80   0x00000008   Zero   RW         6068    .bss._ZZNSt3__112_GLOBAL__N_14makeINS_7collateIcEEjEERT_T0_E3buf  c:\ProgramData\Mbed Studio\mbed-studio-tools\ac6\bin\..\lib\libcxx\libcpp_w.l(locale.cpp.o)
    0x10000c88   0x00000008   Zero   RW         6069    .bss._ZZNSt3__112_GLOBAL__N_14makeINS_7collateIwEEjEERT_T0_E3buf  c:\ProgramData\Mbed Studio\mbed-studio-tools\ac6\bin\..\lib\libcxx\libcpp_w.l(locale.cpp.o)
    0x10000c90   0x00000008   Zero   RW         6078    .bss._ZZNSt3__112_GLOBAL__N_14makeINS_7num_getIcNS_19istreambuf_iteratorIcNS_11char_traitsIcEEEEEEjEERT_T0_E3buf  c:\ProgramData\Mbed Studio\mbed-studio-tools\ac6\bin\..\lib\libcxx\libcpp_w.l(locale.cpp.o)
    0x10000c98   0x00000008   Zero   RW         6079    .bss._ZZNSt3__112_GLOBAL__N_14makeINS_7num_getIwNS_19istreambuf_iteratorIwNS_11char_traitsIwEEEEEEjEERT_T0_E3buf  c:\ProgramData\Mbed Studio\mbed-studio-tools\ac6\bin\..\lib\libcxx\libcpp_w.l(locale.cpp.o)
    0x10000ca0   0x00000008   Zero   RW         6080    .bss._ZZNSt3__112_GLOBAL__N_14makeINS_7num_putIcNS_19ostreambuf_iteratorIcNS_11char_traitsIcEEEEEEjEERT_T0_E3buf  c:\ProgramData\Mbed Studio\mbed-studio-tools\ac6\bin\..\lib\libcxx\libcpp_w.l(locale.cpp.o)
    0x10000ca8   0x00000008   Zero   RW         6081    .bss._ZZNSt3__112_GLOBAL__N_14makeINS_7num_putIwNS_19ostreambuf_iteratorIwNS_11char_traitsIwEEEEEEjEERT_T0_E3buf  c:\ProgramData\Mbed Studio\mbed-studio-tools\ac6\bin\..\lib\libcxx\libcpp_w.l(locale.cpp.o)
    0x10000cb0   0x00000008   Zero   RW         6094    .bss._ZZNSt3__112_GLOBAL__N_14makeINS_8messagesIcEEjEERT_T0_E3buf  c:\ProgramData\Mbed Studio\mbed-studio-tools\ac6\bin\..\lib\libcxx\libcpp_w.l(locale.cpp.o)
    0x10000cb8   0x00000008   Zero   RW         6095    .bss._ZZNSt3__112_GLOBAL__N_14makeINS_8messagesIwEEjEERT_T0_E3buf  c:\ProgramData\Mbed Studio\mbed-studio-tools\ac6\bin\..\lib\libcxx\libcpp_w.l(locale.cpp.o)
    0x10000cc0   0x00000018   Zero   RW         6076    .bss._ZZNSt3__112_GLOBAL__N_14makeINS_8numpunctIcEEjEERT_T0_E3buf  c:\ProgramData\Mbed Studio\mbed-studio-tools\ac6\bin\..\lib\libcxx\libcpp_w.l(locale.cpp.o)
    0x10000cd8   0x00000018   Zero   RW         6077    .bss._ZZNSt3__112_GLOBAL__N_14makeINS_8numpunctIwEEjEERT_T0_E3buf  c:\ProgramData\Mbed Studio\mbed-studio-tools\ac6\bin\..\lib\libcxx\libcpp_w.l(locale.cpp.o)
    0x10000cf0   0x00000010   Zero   RW         6090    .bss._ZZNSt3__112_GLOBAL__N_14makeINS_8time_getIcNS_19istreambuf_iteratorIcNS_11char_traitsIcEEEEEEjEERT_T0_E3buf  c:\ProgramData\Mbed Studio\mbed-studio-tools\ac6\bin\..\lib\libcxx\libcpp_w.l(locale.cpp.o)
    0x10000d00   0x00000010   Zero   RW         6091    .bss._ZZNSt3__112_GLOBAL__N_14makeINS_8time_getIwNS_19istreambuf_iteratorIwNS_11char_traitsIwEEEEEEjEERT_T0_E3buf  c:\ProgramData\Mbed Studio\mbed-studio-tools\ac6\bin\..\lib\libcxx\libcpp_w.l(locale.cpp.o)
    0x10000d10   0x00000010   Zero   RW         6092    .bss._ZZNSt3__112_GLOBAL__N_14makeINS_8time_putIcNS_19ostreambuf_iteratorIcNS_11char_traitsIcEEEEEEjEERT_T0_E3buf  c:\ProgramData\Mbed Studio\mbed-studio-tools\ac6\bin\..\lib\libcxx\libcpp_w.l(locale.cpp.o)
    0x10000d20   0x00000010   Zero   RW         6093    .bss._ZZNSt3__112_GLOBAL__N_14makeINS_8time_putIwNS_19ostreambuf_iteratorIwNS_11char_traitsIwEEEEEEjEERT_T0_E3buf  c:\ProgramData\Mbed Studio\mbed-studio-tools\ac6\bin\..\lib\libcxx\libcpp_w.l(locale.cpp.o)
    0x10000d30   0x00000008   Zero   RW         6086    .bss._ZZNSt3__112_GLOBAL__N_14makeINS_9money_getIcNS_19istreambuf_iteratorIcNS_11char_traitsIcEEEEEEjEERT_T0_E3buf  c:\ProgramData\Mbed Studio\mbed-studio-tools\ac6\bin\..\lib\libcxx\libcpp_w.l(locale.cpp.o)
    0x10000d38   0x00000008   Zero   RW         6087    .bss._ZZNSt3__112_GLOBAL__N_14makeINS_9money_getIwNS_19istreambuf_iteratorIwNS_11char_traitsIwEEEEEEjEERT_T0_E3buf  c:\ProgramData\Mbed Studio\mbed-studio-tools\ac6\bin\..\lib\libcxx\libcpp_w.l(locale.cpp.o)
    0x10000d40   0x00000008   Zero   RW         6088    .bss._ZZNSt3__112_GLOBAL__N_14makeINS_9money_putIcNS_19ostreambuf_iteratorIcNS_11char_traitsIcEEEEEEjEERT_T0_E3buf  c:\ProgramData\Mbed Studio\mbed-studio-tools\ac6\bin\..\lib\libcxx\libcpp_w.l(locale.cpp.o)
    0x10000d48   0x00000008   Zero   RW         6089    .bss._ZZNSt3__112_GLOBAL__N_14makeINS_9money_putIwNS_19ostreambuf_iteratorIwNS_11char_traitsIwEEEEEEjEERT_T0_E3buf  c:\ProgramData\Mbed Studio\mbed-studio-tools\ac6\bin\..\lib\libcxx\libcpp_w.l(locale.cpp.o)
    0x10000d50   0x00000004   Zero   RW         5907    .bss._ZZNSt3__16locale5__imp11make_globalEvE3buf  c:\ProgramData\Mbed Studio\mbed-studio-tools\ac6\bin\..\lib\libcxx\libcpp_w.l(locale.cpp.o)
    0x10000d54   0x00000004   Zero   RW         5904    .bss._ZZNSt3__16locale5__imp12make_classicEvE3buf  c:\ProgramData\Mbed Studio\mbed-studio-tools\ac6\bin\..\lib\libcxx\libcpp_w.l(locale.cpp.o)
    0x10000d58   0x00000004   Zero   RW         5905    .bss._ZZNSt3__16locale7classicEvE1c  c:\ProgramData\Mbed Studio\mbed-studio-tools\ac6\bin\..\lib\libcxx\libcpp_w.l(locale.cpp.o)
    0x10000d5c   0x00000004   Zero   RW         5908    .bss._ZZNSt3__16locale8__globalEvE1g  c:\ProgramData\Mbed Studio\mbed-studio-tools\ac6\bin\..\lib\libcxx\libcpp_w.l(locale.cpp.o)
    0x10000d60   0x00000001   Zero   RW         5196    .bss._ZZNSt3__18ios_base4InitC1EvE16init_the_streams  c:\ProgramData\Mbed Studio\mbed-studio-tools\ac6\bin\..\lib\libcxx\libcpp_w.l(iostream.cpp.o)
    0x10000d61   0x00000003   PAD
    0x10000d64   0x00000018   Zero   RW         6064    .bss._ZZNSt3__1L10init_am_pmEvE5am_pm  c:\ProgramData\Mbed Studio\mbed-studio-tools\ac6\bin\..\lib\libcxx\libcpp_w.l(locale.cpp.o)
    0x10000d7c   0x000000a8   Zero   RW         6056    .bss._ZZNSt3__1L10init_weeksEvE5weeks  c:\ProgramData\Mbed Studio\mbed-studio-tools\ac6\bin\..\lib\libcxx\libcpp_w.l(locale.cpp.o)
    0x10000e24   0x00000120   Zero   RW         6060    .bss._ZZNSt3__1L11init_monthsEvE6months  c:\ProgramData\Mbed Studio\mbed-studio-tools\ac6\bin\..\lib\libcxx\libcpp_w.l(locale.cpp.o)
    0x10000f44   0x00000018   Zero   RW         6066    .bss._ZZNSt3__1L11init_wam_pmEvE5am_pm  c:\ProgramData\Mbed Studio\mbed-studio-tools\ac6\bin\..\lib\libcxx\libcpp_w.l(locale.cpp.o)
    0x10000f5c   0x000000a8   Zero   RW         6058    .bss._ZZNSt3__1L11init_wweeksEvE5weeks  c:\ProgramData\Mbed Studio\mbed-studio-tools\ac6\bin\..\lib\libcxx\libcpp_w.l(locale.cpp.o)
    0x10001004   0x00000120   Zero   RW         6062    .bss._ZZNSt3__1L12init_wmonthsEvE6months  c:\ProgramData\Mbed Studio\mbed-studio-tools\ac6\bin\..\lib\libcxx\libcpp_w.l(locale.cpp.o)
    0x10001124   0x00000001   Zero   RW         2042    .bss._us_ticker_initialized  BUILD/LPC1768/ARMC6/mbed-os/hal/mbed_us_ticker_api.o
    0x10001125   0x00000003   PAD
    0x10001128   0x00000090   Zero   RW          116    .bss.blockDevice    BUILD/LPC1768/ARMC6/main.o
    0x100011b8   0x00000004   Zero   RW         2651    .bss.critical_section_reentrancy_counter  BUILD/LPC1768/ARMC6/mbed-os/platform/source/mbed_critical.o
    0x100011bc   0x00000002   Zero   RW         2811    .bss.deep_sleep_lock  BUILD/LPC1768/ARMC6/mbed-os/platform/source/mbed_power_mgmt.o
    0x100011be   0x00000002   PAD
    0x100011c0   0x00000044   Zero   RW          118    .bss.dma            BUILD/LPC1768/ARMC6/main.o
    0x10001204   0x00000004   PAD
    0x10001208   0x00000040   Zero   RW         2044    .bss.events         BUILD/LPC1768/ARMC6/mbed-os/hal/mbed_us_ticker_api.o
    0x10001248   0x00000054   Zero   RW         2517    .bss.fault_context  BUILD/LPC1768/ARMC6/mbed-os/platform/source/TARGET_CORTEX_M/mbed_fault_handler.o
    0x1000129c   0x0000005c   Zero   RW          117    .bss.fileSystem     BUILD/LPC1768/ARMC6/main.o
    0x100012f8   0x00000001   Zero   RW         2695    .bss.halt_in_progress  BUILD/LPC1768/ARMC6/mbed-os/platform/source/mbed_error.o
    0x100012f9   0x00000003   PAD
    0x100012fc   0x00000004   Zero   RW         3710    .bss.irq_handler    BUILD/LPC1768/ARMC6/mbed-os/targets/TARGET_NXP/TARGET_LPC176X/serial_api.o
    0x10001300   0x00000001   Zero   RW         2694    .bss.mbed_error_in_progress  BUILD/LPC1768/ARMC6/mbed-os/platform/source/mbed_error.o
    0x10001301   0x00000003   PAD
    0x10001304   0x00000004   Zero   RW         2984    .bss.mbed_heap_size  BUILD/LPC1768/ARMC6/mbed-os/platform/source/mbed_retarget.o
    0x10001308   0x00000004   Zero   RW         2983    .bss.mbed_heap_start  BUILD/LPC1768/ARMC6/mbed-os/platform/source/mbed_retarget.o
    0x1000130c   0x00000044   Zero   RW          121    .bss.rxData         BUILD/LPC1768/ARMC6/main.o
    0x10001350   0x00000044   Zero   RW          119    .bss.spiRxBuffer1   BUILD/LPC1768/ARMC6/main.o
    0x10001394   0x00000044   Zero   RW          120    .bss.spiRxBuffer2   BUILD/LPC1768/ARMC6/main.o
    0x100013d8   0x00000040   Zero   RW          122    .bss.txData         BUILD/LPC1768/ARMC6/main.o
    0x10001418   0x000000e0   Zero   RW         3709    .bss.uart_data      BUILD/LPC1768/ARMC6/mbed-os/targets/TARGET_NXP/TARGET_LPC176X/serial_api.o
    0x100014f8   0x00000001   Zero   RW         3781    .bss.us_ticker_inited  BUILD/LPC1768/ARMC6/mbed-os/targets/TARGET_NXP/TARGET_LPC176X/us_ticker.o


    Execution Region ARM_LIB_HEAP (Base: 0x10001500, Size: 0x00005a18, Max: 0x00005a18, ABSOLUTE)

    Base Addr    Size         Type   Attr      Idx    E Section Name        Object

    0x10001500   0x00005a18   Zero   RW            1    ARM_LIB_HEAP.bss    anon$$obj.o


    Execution Region ARM_LIB_STACK (Base: 0x10007000, Size: 0x00001000, Max: 0x00001000, ABSOLUTE)

    Base Addr    Size         Type   Attr      Idx    E Section Name        Object

    0x10007000   0x00001000   Zero   RW            2    ARM_LIB_STACK.bss   anon$$obj.o


    Execution Region RW_IRAM2 (Base: 0x2007c000, Size: 0x00000000, Max: 0x00004000, ABSOLUTE)

    **** No section assigned to this execution region ****


    Execution Region RW_IRAM3 (Base: 0x20080000, Size: 0x00000000, Max: 0x00004000, ABSOLUTE)

    **** No section assigned to this execution region ****


    Execution Region RW_IRAM4 (Base: 0x40038000, Size: 0x00000000, Max: 0x00000800, ABSOLUTE)

    **** No section assigned to this execution region ****


==============================================================================

Image component sizes


      Code (inc. data)   RO Data    RW Data    ZI Data      Debug   

     47296       3514       5182        136      28933      29128   Object Totals
         0          0         32          0      27160          0   (incl. Generated)
       140          0          1          0         30          0   (incl. Padding)
     83156       1928       8162         12       3251      52808   Library Totals
       194          2          9          0          7          0   (incl. Padding)

==============================================================================


      Code (inc. data)   RO Data    RW Data    ZI Data      Debug   

    130452       5442      13344        148      32184      70952   Grand Totals
    130452       5442      13344        148      32184      70952   ELF Image Totals
    130452       5442      13344        148          0          0   ROM Totals

==============================================================================

    Total RO  Size (Code + RO Data)               143796 ( 140.43kB)
    Total RW  Size (RW Data + ZI Data)             32332 (  31.57kB)
    Total ROM Size (Code + RO Data + RW Data)     143944 ( 140.57kB)

==============================================================================

